// Vitest Snapshot v1, https://vitest.dev/guide/snapshot.html

exports[`权限矩阵（角色 × 岗位 → 端点放行） > 全部受保护端点的放行结果与快照一致 1`] = `
"DELETE /cancellation-policies/:id | ADMIN=allow STAFF:运营=allow STAFF:VISA_DESK=allow STAFF:TICKETING=allow STAFF:ROOM_CONTROL=allow STAFF:FINANCE=allow AGENT=deny CUSTOMER=deny ANON=deny
DELETE /finances/cost/periods/:id | ADMIN=allow STAFF:运营=allow STAFF:VISA_DESK=allow STAFF:TICKETING=allow STAFF:ROOM_CONTROL=allow STAFF:FINANCE=allow AGENT=deny CUSTOMER=deny ANON=deny
DELETE /flight-settlement-rates/:id | ADMIN=allow STAFF:运营=allow STAFF:VISA_DESK=allow STAFF:TICKETING=allow STAFF:ROOM_CONTROL=allow STAFF:FINANCE=allow AGENT=deny CUSTOMER=deny ANON=deny
DELETE /flights/schedules/:scheduleId | ADMIN=allow STAFF:运营=deny STAFF:VISA_DESK=deny STAFF:TICKETING=deny STAFF:ROOM_CONTROL=deny STAFF:FINANCE=deny AGENT=deny CUSTOMER=deny ANON=deny
DELETE /hotel-control/block-periods/:id | ADMIN=allow STAFF:运营=allow STAFF:VISA_DESK=allow STAFF:TICKETING=allow STAFF:ROOM_CONTROL=allow STAFF:FINANCE=allow AGENT=deny CUSTOMER=deny ANON=deny
DELETE /marketing/posters/:id | ADMIN=allow STAFF:运营=allow STAFF:VISA_DESK=allow STAFF:TICKETING=allow STAFF:ROOM_CONTROL=allow STAFF:FINANCE=allow AGENT=deny CUSTOMER=deny ANON=deny
DELETE /orders/:id | ADMIN=allow STAFF:运营=allow STAFF:VISA_DESK=allow STAFF:TICKETING=allow STAFF:ROOM_CONTROL=allow STAFF:FINANCE=allow AGENT=deny CUSTOMER=deny ANON=deny
DELETE /orders/cost-items/:id | ADMIN=allow STAFF:运营=allow STAFF:VISA_DESK=allow STAFF:TICKETING=allow STAFF:ROOM_CONTROL=allow STAFF:FINANCE=allow AGENT=deny CUSTOMER=deny ANON=deny
DELETE /payment-channels/:id | ADMIN=allow STAFF:运营=allow STAFF:VISA_DESK=allow STAFF:TICKETING=allow STAFF:ROOM_CONTROL=allow STAFF:FINANCE=allow AGENT=deny CUSTOMER=deny ANON=deny
DELETE /products/bundles/:id | ADMIN=allow STAFF:运营=allow STAFF:VISA_DESK=allow STAFF:TICKETING=allow STAFF:ROOM_CONTROL=allow STAFF:FINANCE=allow AGENT=deny CUSTOMER=deny ANON=deny
DELETE /products/hotels/:id | ADMIN=allow STAFF:运营=allow STAFF:VISA_DESK=allow STAFF:TICKETING=allow STAFF:ROOM_CONTROL=allow STAFF:FINANCE=allow AGENT=deny CUSTOMER=deny ANON=deny
DELETE /products/transfers/:id | ADMIN=allow STAFF:运营=allow STAFF:VISA_DESK=allow STAFF:TICKETING=allow STAFF:ROOM_CONTROL=allow STAFF:FINANCE=allow AGENT=deny CUSTOMER=deny ANON=deny
DELETE /products/visas/:id | ADMIN=allow STAFF:运营=allow STAFF:VISA_DESK=allow STAFF:TICKETING=allow STAFF:ROOM_CONTROL=allow STAFF:FINANCE=allow AGENT=deny CUSTOMER=deny ANON=deny
DELETE /seat-locks/:id | ADMIN=allow STAFF:运营=allow STAFF:VISA_DESK=allow STAFF:TICKETING=allow STAFF:ROOM_CONTROL=allow STAFF:FINANCE=allow AGENT=allow CUSTOMER=allow ANON=deny
DELETE /settlement-discounts/:id | ADMIN=allow STAFF:运营=allow STAFF:VISA_DESK=allow STAFF:TICKETING=allow STAFF:ROOM_CONTROL=allow STAFF:FINANCE=allow AGENT=deny CUSTOMER=deny ANON=deny
DELETE /settlement-rates/:id | ADMIN=allow STAFF:运营=allow STAFF:VISA_DESK=allow STAFF:TICKETING=allow STAFF:ROOM_CONTROL=allow STAFF:FINANCE=allow AGENT=deny CUSTOMER=deny ANON=deny
DELETE /travelers/:id | ADMIN=allow STAFF:运营=allow STAFF:VISA_DESK=allow STAFF:TICKETING=allow STAFF:ROOM_CONTROL=allow STAFF:FINANCE=allow AGENT=allow CUSTOMER=deny ANON=deny
DELETE /waitlist/:id | ADMIN=allow STAFF:运营=allow STAFF:VISA_DESK=allow STAFF:TICKETING=allow STAFF:ROOM_CONTROL=allow STAFF:FINANCE=allow AGENT=allow CUSTOMER=allow ANON=deny
GET    /agent-recharges | ADMIN=allow STAFF:运营=allow STAFF:VISA_DESK=allow STAFF:TICKETING=allow STAFF:ROOM_CONTROL=allow STAFF:FINANCE=allow AGENT=allow CUSTOMER=deny ANON=deny
GET    /agent-recharges/my-channels | ADMIN=deny STAFF:运营=deny STAFF:VISA_DESK=deny STAFF:TICKETING=deny STAFF:ROOM_CONTROL=deny STAFF:FINANCE=deny AGENT=allow CUSTOMER=deny ANON=deny
GET    /agents | ADMIN=allow STAFF:运营=allow STAFF:VISA_DESK=allow STAFF:TICKETING=allow STAFF:ROOM_CONTROL=allow STAFF:FINANCE=allow AGENT=allow CUSTOMER=deny ANON=deny
GET    /agents/:id/commission-rules | ADMIN=allow STAFF:运营=allow STAFF:VISA_DESK=allow STAFF:TICKETING=allow STAFF:ROOM_CONTROL=allow STAFF:FINANCE=allow AGENT=deny CUSTOMER=deny ANON=deny
GET    /agents/:id/statement | ADMIN=allow STAFF:运营=allow STAFF:VISA_DESK=allow STAFF:TICKETING=allow STAFF:ROOM_CONTROL=allow STAFF:FINANCE=allow AGENT=allow CUSTOMER=allow ANON=deny
GET    /agents/me | ADMIN=allow STAFF:运营=deny STAFF:VISA_DESK=deny STAFF:TICKETING=deny STAFF:ROOM_CONTROL=deny STAFF:FINANCE=deny AGENT=allow CUSTOMER=deny ANON=deny
GET    /audit-logs | ADMIN=allow STAFF:运营=allow STAFF:VISA_DESK=allow STAFF:TICKETING=allow STAFF:ROOM_CONTROL=allow STAFF:FINANCE=allow AGENT=deny CUSTOMER=deny ANON=deny
GET    /bundle-change-requests | ADMIN=allow STAFF:运营=allow STAFF:VISA_DESK=allow STAFF:TICKETING=allow STAFF:ROOM_CONTROL=allow STAFF:FINANCE=allow AGENT=allow CUSTOMER=deny ANON=deny
GET    /cancellation-policies | ADMIN=allow STAFF:运营=allow STAFF:VISA_DESK=allow STAFF:TICKETING=allow STAFF:ROOM_CONTROL=allow STAFF:FINANCE=allow AGENT=deny CUSTOMER=deny ANON=deny
GET    /customers | ADMIN=allow STAFF:运营=allow STAFF:VISA_DESK=allow STAFF:TICKETING=allow STAFF:ROOM_CONTROL=allow STAFF:FINANCE=allow AGENT=allow CUSTOMER=deny ANON=deny
GET    /customers/:id | ADMIN=allow STAFF:运营=allow STAFF:VISA_DESK=allow STAFF:TICKETING=allow STAFF:ROOM_CONTROL=allow STAFF:FINANCE=allow AGENT=allow CUSTOMER=deny ANON=deny
GET    /dashboard/alerts-summary | ADMIN=allow STAFF:运营=allow STAFF:VISA_DESK=allow STAFF:TICKETING=allow STAFF:ROOM_CONTROL=allow STAFF:FINANCE=allow AGENT=deny CUSTOMER=deny ANON=deny
GET    /dashboard/kpi | ADMIN=allow STAFF:运营=allow STAFF:VISA_DESK=allow STAFF:TICKETING=allow STAFF:ROOM_CONTROL=allow STAFF:FINANCE=allow AGENT=deny CUSTOMER=deny ANON=deny
GET    /dashboard/pending-aging | ADMIN=allow STAFF:运营=allow STAFF:VISA_DESK=allow STAFF:TICKETING=allow STAFF:ROOM_CONTROL=allow STAFF:FINANCE=allow AGENT=deny CUSTOMER=deny ANON=deny
GET    /dashboard/pending-aging/orders | ADMIN=allow STAFF:运营=allow STAFF:VISA_DESK=allow STAFF:TICKETING=allow STAFF:ROOM_CONTROL=allow STAFF:FINANCE=allow AGENT=deny CUSTOMER=deny ANON=deny
GET    /dashboard/top-agents | ADMIN=allow STAFF:运营=allow STAFF:VISA_DESK=allow STAFF:TICKETING=allow STAFF:ROOM_CONTROL=allow STAFF:FINANCE=allow AGENT=deny CUSTOMER=deny ANON=deny
GET    /dashboard/weekly | ADMIN=allow STAFF:运营=allow STAFF:VISA_DESK=allow STAFF:TICKETING=allow STAFF:ROOM_CONTROL=allow STAFF:FINANCE=allow AGENT=deny CUSTOMER=deny ANON=deny
GET    /finances/cost/periods | ADMIN=allow STAFF:运营=allow STAFF:VISA_DESK=allow STAFF:TICKETING=allow STAFF:ROOM_CONTROL=allow STAFF:FINANCE=allow AGENT=deny CUSTOMER=deny ANON=deny
GET    /finances/cost/schedules | ADMIN=allow STAFF:运营=allow STAFF:VISA_DESK=allow STAFF:TICKETING=allow STAFF:ROOM_CONTROL=allow STAFF:FINANCE=allow AGENT=deny CUSTOMER=deny ANON=deny
GET    /finances/export | ADMIN=allow STAFF:运营=deny STAFF:VISA_DESK=deny STAFF:TICKETING=deny STAFF:ROOM_CONTROL=deny STAFF:FINANCE=allow AGENT=deny CUSTOMER=deny ANON=deny
GET    /finances/export-by-flight | ADMIN=allow STAFF:运营=deny STAFF:VISA_DESK=deny STAFF:TICKETING=deny STAFF:ROOM_CONTROL=deny STAFF:FINANCE=allow AGENT=deny CUSTOMER=deny ANON=deny
GET    /finances/export-orders | ADMIN=allow STAFF:运营=deny STAFF:VISA_DESK=deny STAFF:TICKETING=deny STAFF:ROOM_CONTROL=deny STAFF:FINANCE=allow AGENT=deny CUSTOMER=deny ANON=deny
GET    /finances/flights | ADMIN=allow STAFF:运营=deny STAFF:VISA_DESK=deny STAFF:TICKETING=deny STAFF:ROOM_CONTROL=deny STAFF:FINANCE=allow AGENT=deny CUSTOMER=deny ANON=deny
GET    /finances/monthly | ADMIN=allow STAFF:运营=deny STAFF:VISA_DESK=deny STAFF:TICKETING=deny STAFF:ROOM_CONTROL=deny STAFF:FINANCE=allow AGENT=deny CUSTOMER=deny ANON=deny
GET    /finances/orders | ADMIN=allow STAFF:运营=deny STAFF:VISA_DESK=deny STAFF:TICKETING=deny STAFF:ROOM_CONTROL=deny STAFF:FINANCE=allow AGENT=deny CUSTOMER=deny ANON=deny
GET    /finances/orders/:id/pnl-detail | ADMIN=allow STAFF:运营=deny STAFF:VISA_DESK=deny STAFF:TICKETING=deny STAFF:ROOM_CONTROL=deny STAFF:FINANCE=allow AGENT=deny CUSTOMER=deny ANON=deny
GET    /finances/refunds/pending-payout | ADMIN=allow STAFF:运营=deny STAFF:VISA_DESK=deny STAFF:TICKETING=deny STAFF:ROOM_CONTROL=deny STAFF:FINANCE=allow AGENT=deny CUSTOMER=deny ANON=deny
GET    /finances/summary | ADMIN=allow STAFF:运营=deny STAFF:VISA_DESK=deny STAFF:TICKETING=deny STAFF:ROOM_CONTROL=deny STAFF:FINANCE=allow AGENT=deny CUSTOMER=deny ANON=deny
GET    /finances/usd-fx-rates | ADMIN=allow STAFF:运营=allow STAFF:VISA_DESK=allow STAFF:TICKETING=allow STAFF:ROOM_CONTROL=allow STAFF:FINANCE=allow AGENT=deny CUSTOMER=deny ANON=deny
GET    /finances/usd-fx-rates/effective | ADMIN=allow STAFF:运营=allow STAFF:VISA_DESK=allow STAFF:TICKETING=allow STAFF:ROOM_CONTROL=allow STAFF:FINANCE=allow AGENT=deny CUSTOMER=deny ANON=deny
GET    /flight-settlement-rates | ADMIN=allow STAFF:运营=allow STAFF:VISA_DESK=allow STAFF:TICKETING=allow STAFF:ROOM_CONTROL=allow STAFF:FINANCE=allow AGENT=deny CUSTOMER=deny ANON=deny
GET    /flights | ADMIN=allow STAFF:运营=allow STAFF:VISA_DESK=allow STAFF:TICKETING=allow STAFF:ROOM_CONTROL=allow STAFF:FINANCE=allow AGENT=allow CUSTOMER=deny ANON=deny
GET    /flights/:flightId/baggage-policies | ADMIN=allow STAFF:运营=allow STAFF:VISA_DESK=allow STAFF:TICKETING=allow STAFF:ROOM_CONTROL=allow STAFF:FINANCE=allow AGENT=deny CUSTOMER=deny ANON=deny
GET    /flights/:flightId/schedules | ADMIN=allow STAFF:运营=allow STAFF:VISA_DESK=allow STAFF:TICKETING=allow STAFF:ROOM_CONTROL=allow STAFF:FINANCE=allow AGENT=allow CUSTOMER=deny ANON=deny
GET    /flights/schedules | ADMIN=allow STAFF:运营=allow STAFF:VISA_DESK=allow STAFF:TICKETING=allow STAFF:ROOM_CONTROL=allow STAFF:FINANCE=allow AGENT=deny CUSTOMER=deny ANON=deny
GET    /flights/schedules/export-seat-stats | ADMIN=allow STAFF:运营=allow STAFF:VISA_DESK=allow STAFF:TICKETING=allow STAFF:ROOM_CONTROL=allow STAFF:FINANCE=allow AGENT=deny CUSTOMER=deny ANON=deny
GET    /fulfillment-tasks | ADMIN=allow STAFF:运营=allow STAFF:VISA_DESK=allow STAFF:TICKETING=allow STAFF:ROOM_CONTROL=allow STAFF:FINANCE=allow AGENT=deny CUSTOMER=deny ANON=deny
GET    /fulfillment-tasks/by-order/:orderId | ADMIN=allow STAFF:运营=allow STAFF:VISA_DESK=allow STAFF:TICKETING=allow STAFF:ROOM_CONTROL=allow STAFF:FINANCE=allow AGENT=deny CUSTOMER=deny ANON=deny
GET    /fulfillment-tasks/by-order/:orderId/passenger-photos | ADMIN=allow STAFF:运营=allow STAFF:VISA_DESK=allow STAFF:TICKETING=allow STAFF:ROOM_CONTROL=allow STAFF:FINANCE=allow AGENT=deny CUSTOMER=deny ANON=deny
GET    /hold-orders | ADMIN=allow STAFF:运营=allow STAFF:VISA_DESK=allow STAFF:TICKETING=allow STAFF:ROOM_CONTROL=allow STAFF:FINANCE=allow AGENT=deny CUSTOMER=deny ANON=deny
GET    /hold-orders/:id | ADMIN=allow STAFF:运营=allow STAFF:VISA_DESK=allow STAFF:TICKETING=allow STAFF:ROOM_CONTROL=allow STAFF:FINANCE=allow AGENT=deny CUSTOMER=deny ANON=deny
GET    /hold-orders/config | ADMIN=allow STAFF:运营=allow STAFF:VISA_DESK=allow STAFF:TICKETING=allow STAFF:ROOM_CONTROL=allow STAFF:FINANCE=allow AGENT=deny CUSTOMER=deny ANON=deny
GET    /hold-orders/summary | ADMIN=allow STAFF:运营=allow STAFF:VISA_DESK=allow STAFF:TICKETING=allow STAFF:ROOM_CONTROL=allow STAFF:FINANCE=allow AGENT=deny CUSTOMER=deny ANON=deny
GET    /hotel-control/alerts | ADMIN=allow STAFF:运营=allow STAFF:VISA_DESK=allow STAFF:TICKETING=allow STAFF:ROOM_CONTROL=allow STAFF:FINANCE=allow AGENT=deny CUSTOMER=deny ANON=deny
GET    /hotel-control/block-periods | ADMIN=allow STAFF:运营=allow STAFF:VISA_DESK=allow STAFF:TICKETING=allow STAFF:ROOM_CONTROL=allow STAFF:FINANCE=allow AGENT=deny CUSTOMER=deny ANON=deny
GET    /hotel-control/board | ADMIN=allow STAFF:运营=allow STAFF:VISA_DESK=allow STAFF:TICKETING=allow STAFF:ROOM_CONTROL=allow STAFF:FINANCE=allow AGENT=deny CUSTOMER=deny ANON=deny
GET    /hotel-control/export | ADMIN=allow STAFF:运营=allow STAFF:VISA_DESK=allow STAFF:TICKETING=allow STAFF:ROOM_CONTROL=allow STAFF:FINANCE=allow AGENT=deny CUSTOMER=deny ANON=deny
GET    /hotel-control/forward | ADMIN=allow STAFF:运营=allow STAFF:VISA_DESK=allow STAFF:TICKETING=allow STAFF:ROOM_CONTROL=allow STAFF:FINANCE=allow AGENT=deny CUSTOMER=deny ANON=deny
GET    /hotel-control/nightly-remaining | ADMIN=allow STAFF:运营=allow STAFF:VISA_DESK=allow STAFF:TICKETING=allow STAFF:ROOM_CONTROL=allow STAFF:FINANCE=allow AGENT=deny CUSTOMER=deny ANON=deny
GET    /hotel-control/occupants | ADMIN=allow STAFF:运营=allow STAFF:VISA_DESK=allow STAFF:TICKETING=allow STAFF:ROOM_CONTROL=allow STAFF:FINANCE=allow AGENT=deny CUSTOMER=deny ANON=deny
GET    /hotel-control/oversell-cap | ADMIN=allow STAFF:运营=allow STAFF:VISA_DESK=allow STAFF:TICKETING=allow STAFF:ROOM_CONTROL=allow STAFF:FINANCE=allow AGENT=deny CUSTOMER=deny ANON=deny
GET    /hotel-control/passports.zip | ADMIN=allow STAFF:运营=allow STAFF:VISA_DESK=allow STAFF:TICKETING=allow STAFF:ROOM_CONTROL=allow STAFF:FINANCE=allow AGENT=deny CUSTOMER=deny ANON=deny
GET    /hotel-control/random-tier-shortfall | ADMIN=allow STAFF:运营=allow STAFF:VISA_DESK=allow STAFF:TICKETING=allow STAFF:ROOM_CONTROL=allow STAFF:FINANCE=allow AGENT=deny CUSTOMER=deny ANON=deny
GET    /hotel-control/recent-changes | ADMIN=allow STAFF:运营=allow STAFF:VISA_DESK=allow STAFF:TICKETING=allow STAFF:ROOM_CONTROL=allow STAFF:FINANCE=allow AGENT=deny CUSTOMER=deny ANON=deny
GET    /legacy/dashboard | ADMIN=allow STAFF:运营=allow STAFF:VISA_DESK=allow STAFF:TICKETING=allow STAFF:ROOM_CONTROL=allow STAFF:FINANCE=allow AGENT=deny CUSTOMER=deny ANON=deny
GET    /legacy/passenger-history | ADMIN=allow STAFF:运营=allow STAFF:VISA_DESK=allow STAFF:TICKETING=allow STAFF:ROOM_CONTROL=allow STAFF:FINANCE=allow AGENT=deny CUSTOMER=deny ANON=deny
GET    /legacy/stats | ADMIN=allow STAFF:运营=allow STAFF:VISA_DESK=allow STAFF:TICKETING=allow STAFF:ROOM_CONTROL=allow STAFF:FINANCE=allow AGENT=deny CUSTOMER=deny ANON=deny
GET    /legacy/tickets | ADMIN=allow STAFF:运营=allow STAFF:VISA_DESK=allow STAFF:TICKETING=allow STAFF:ROOM_CONTROL=allow STAFF:FINANCE=allow AGENT=deny CUSTOMER=deny ANON=deny
GET    /legacy/tickets/:id | ADMIN=allow STAFF:运营=allow STAFF:VISA_DESK=allow STAFF:TICKETING=allow STAFF:ROOM_CONTROL=allow STAFF:FINANCE=allow AGENT=deny CUSTOMER=deny ANON=deny
GET    /marketing/posters | ADMIN=allow STAFF:运营=allow STAFF:VISA_DESK=allow STAFF:TICKETING=allow STAFF:ROOM_CONTROL=allow STAFF:FINANCE=allow AGENT=deny CUSTOMER=deny ANON=deny
GET    /marketing/posters/:id | ADMIN=allow STAFF:运营=allow STAFF:VISA_DESK=allow STAFF:TICKETING=allow STAFF:ROOM_CONTROL=allow STAFF:FINANCE=allow AGENT=deny CUSTOMER=deny ANON=deny
GET    /marketing/templates | ADMIN=allow STAFF:运营=allow STAFF:VISA_DESK=allow STAFF:TICKETING=allow STAFF:ROOM_CONTROL=allow STAFF:FINANCE=allow AGENT=deny CUSTOMER=deny ANON=deny
GET    /marketing/usage | ADMIN=allow STAFF:运营=allow STAFF:VISA_DESK=allow STAFF:TICKETING=allow STAFF:ROOM_CONTROL=allow STAFF:FINANCE=allow AGENT=deny CUSTOMER=deny ANON=deny
GET    /order-change-requests | ADMIN=allow STAFF:运营=allow STAFF:VISA_DESK=allow STAFF:TICKETING=allow STAFF:ROOM_CONTROL=allow STAFF:FINANCE=allow AGENT=allow CUSTOMER=deny ANON=deny
GET    /order-change-requests/pending-count | ADMIN=allow STAFF:运营=allow STAFF:VISA_DESK=allow STAFF:TICKETING=allow STAFF:ROOM_CONTROL=allow STAFF:FINANCE=allow AGENT=deny CUSTOMER=deny ANON=deny
GET    /orders | ADMIN=allow STAFF:运营=allow STAFF:VISA_DESK=allow STAFF:TICKETING=allow STAFF:ROOM_CONTROL=allow STAFF:FINANCE=allow AGENT=allow CUSTOMER=allow ANON=deny
GET    /orders/:id | ADMIN=allow STAFF:运营=allow STAFF:VISA_DESK=allow STAFF:TICKETING=allow STAFF:ROOM_CONTROL=allow STAFF:FINANCE=allow AGENT=allow CUSTOMER=allow ANON=deny
GET    /orders/:id/bundle-change-requests | ADMIN=allow STAFF:运营=allow STAFF:VISA_DESK=allow STAFF:TICKETING=allow STAFF:ROOM_CONTROL=allow STAFF:FINANCE=allow AGENT=allow CUSTOMER=deny ANON=deny
GET    /orders/:id/itinerary.pdf | ADMIN=allow STAFF:运营=allow STAFF:VISA_DESK=allow STAFF:TICKETING=allow STAFF:ROOM_CONTROL=allow STAFF:FINANCE=allow AGENT=allow CUSTOMER=allow ANON=deny
GET    /orders/:id/passengers/:passengerId/swap-preview | ADMIN=allow STAFF:运营=allow STAFF:VISA_DESK=allow STAFF:TICKETING=allow STAFF:ROOM_CONTROL=allow STAFF:FINANCE=allow AGENT=allow CUSTOMER=allow ANON=deny
GET    /orders/:id/passport-photos.zip | ADMIN=allow STAFF:运营=allow STAFF:VISA_DESK=allow STAFF:TICKETING=allow STAFF:ROOM_CONTROL=allow STAFF:FINANCE=allow AGENT=deny CUSTOMER=deny ANON=deny
GET    /orders/:id/pnr-export | ADMIN=allow STAFF:运营=allow STAFF:VISA_DESK=allow STAFF:TICKETING=allow STAFF:ROOM_CONTROL=allow STAFF:FINANCE=allow AGENT=allow CUSTOMER=allow ANON=deny
GET    /orders/:id/refund-quote | ADMIN=allow STAFF:运营=allow STAFF:VISA_DESK=allow STAFF:TICKETING=allow STAFF:ROOM_CONTROL=allow STAFF:FINANCE=allow AGENT=allow CUSTOMER=allow ANON=deny
GET    /orders/:id/settlement-requests | ADMIN=allow STAFF:运营=allow STAFF:VISA_DESK=allow STAFF:TICKETING=allow STAFF:ROOM_CONTROL=allow STAFF:FINANCE=allow AGENT=allow CUSTOMER=deny ANON=deny
GET    /orders/:orderId/cost-items | ADMIN=allow STAFF:运营=allow STAFF:VISA_DESK=allow STAFF:TICKETING=allow STAFF:ROOM_CONTROL=allow STAFF:FINANCE=allow AGENT=deny CUSTOMER=deny ANON=deny
GET    /orders/agent-stats | ADMIN=allow STAFF:运营=allow STAFF:VISA_DESK=allow STAFF:TICKETING=allow STAFF:ROOM_CONTROL=allow STAFF:FINANCE=allow AGENT=allow CUSTOMER=allow ANON=deny
GET    /orders/deleted | ADMIN=allow STAFF:运营=allow STAFF:VISA_DESK=allow STAFF:TICKETING=allow STAFF:ROOM_CONTROL=allow STAFF:FINANCE=allow AGENT=deny CUSTOMER=deny ANON=deny
GET    /orders/export-by-schedule | ADMIN=allow STAFF:运营=allow STAFF:VISA_DESK=allow STAFF:TICKETING=allow STAFF:ROOM_CONTROL=allow STAFF:FINANCE=allow AGENT=deny CUSTOMER=deny ANON=deny
GET    /orders/export-room-allocation | ADMIN=allow STAFF:运营=allow STAFF:VISA_DESK=allow STAFF:TICKETING=allow STAFF:ROOM_CONTROL=allow STAFF:FINANCE=allow AGENT=deny CUSTOMER=deny ANON=deny
GET    /orders/export-templates | ADMIN=allow STAFF:运营=allow STAFF:VISA_DESK=allow STAFF:TICKETING=allow STAFF:ROOM_CONTROL=allow STAFF:FINANCE=allow AGENT=allow CUSTOMER=deny ANON=deny
GET    /orders/export/intake | ADMIN=allow STAFF:运营=allow STAFF:VISA_DESK=allow STAFF:TICKETING=allow STAFF:ROOM_CONTROL=allow STAFF:FINANCE=allow AGENT=allow CUSTOMER=deny ANON=deny
GET    /orders/export/master | ADMIN=allow STAFF:运营=allow STAFF:VISA_DESK=allow STAFF:TICKETING=allow STAFF:ROOM_CONTROL=allow STAFF:FINANCE=allow AGENT=allow CUSTOMER=deny ANON=deny
GET    /orders/no-show/report | ADMIN=allow STAFF:运营=allow STAFF:VISA_DESK=allow STAFF:TICKETING=allow STAFF:ROOM_CONTROL=allow STAFF:FINANCE=allow AGENT=deny CUSTOMER=deny ANON=deny
GET    /orders/no-show/report/export | ADMIN=allow STAFF:运营=allow STAFF:VISA_DESK=allow STAFF:TICKETING=allow STAFF:ROOM_CONTROL=allow STAFF:FINANCE=allow AGENT=deny CUSTOMER=deny ANON=deny
GET    /orders/roster/template | ADMIN=allow STAFF:运营=allow STAFF:VISA_DESK=allow STAFF:TICKETING=allow STAFF:ROOM_CONTROL=allow STAFF:FINANCE=allow AGENT=deny CUSTOMER=deny ANON=deny
GET    /orders/swap-fee-options | ADMIN=allow STAFF:运营=allow STAFF:VISA_DESK=allow STAFF:TICKETING=allow STAFF:ROOM_CONTROL=allow STAFF:FINANCE=allow AGENT=allow CUSTOMER=allow ANON=deny
GET    /payment-channels | ADMIN=allow STAFF:运营=allow STAFF:VISA_DESK=allow STAFF:TICKETING=allow STAFF:ROOM_CONTROL=allow STAFF:FINANCE=allow AGENT=deny CUSTOMER=deny ANON=deny
GET    /payments/:id | ADMIN=allow STAFF:运营=allow STAFF:VISA_DESK=allow STAFF:TICKETING=allow STAFF:ROOM_CONTROL=allow STAFF:FINANCE=allow AGENT=allow CUSTOMER=allow ANON=deny
GET    /payments/unverified | ADMIN=allow STAFF:运营=allow STAFF:VISA_DESK=allow STAFF:TICKETING=allow STAFF:ROOM_CONTROL=allow STAFF:FINANCE=allow AGENT=allow CUSTOMER=allow ANON=deny
GET    /products/bundles/flight-ref | ADMIN=allow STAFF:运营=allow STAFF:VISA_DESK=allow STAFF:TICKETING=allow STAFF:ROOM_CONTROL=allow STAFF:FINANCE=allow AGENT=deny CUSTOMER=deny ANON=deny
GET    /products/hotels | ADMIN=allow STAFF:运营=allow STAFF:VISA_DESK=allow STAFF:TICKETING=allow STAFF:ROOM_CONTROL=allow STAFF:FINANCE=allow AGENT=allow CUSTOMER=allow ANON=allow
GET    /products/hotels/:id | ADMIN=allow STAFF:运营=allow STAFF:VISA_DESK=allow STAFF:TICKETING=allow STAFF:ROOM_CONTROL=allow STAFF:FINANCE=allow AGENT=allow CUSTOMER=allow ANON=allow
GET    /products/hotels/cities | ADMIN=allow STAFF:运营=allow STAFF:VISA_DESK=allow STAFF:TICKETING=allow STAFF:ROOM_CONTROL=allow STAFF:FINANCE=allow AGENT=deny CUSTOMER=deny ANON=deny
GET    /products/transfers | ADMIN=allow STAFF:运营=allow STAFF:VISA_DESK=allow STAFF:TICKETING=allow STAFF:ROOM_CONTROL=allow STAFF:FINANCE=allow AGENT=allow CUSTOMER=allow ANON=allow
GET    /products/transfers/:id | ADMIN=allow STAFF:运营=allow STAFF:VISA_DESK=allow STAFF:TICKETING=allow STAFF:ROOM_CONTROL=allow STAFF:FINANCE=allow AGENT=allow CUSTOMER=allow ANON=allow
GET    /products/visas | ADMIN=allow STAFF:运营=allow STAFF:VISA_DESK=allow STAFF:TICKETING=allow STAFF:ROOM_CONTROL=allow STAFF:FINANCE=allow AGENT=allow CUSTOMER=allow ANON=allow
GET    /products/visas/:id | ADMIN=allow STAFF:运营=allow STAFF:VISA_DESK=allow STAFF:TICKETING=allow STAFF:ROOM_CONTROL=allow STAFF:FINANCE=allow AGENT=allow CUSTOMER=allow ANON=allow
GET    /receipts | ADMIN=allow STAFF:运营=allow STAFF:VISA_DESK=allow STAFF:TICKETING=allow STAFF:ROOM_CONTROL=allow STAFF:FINANCE=allow AGENT=deny CUSTOMER=deny ANON=deny
GET    /receipts/ledger | ADMIN=allow STAFF:运营=allow STAFF:VISA_DESK=allow STAFF:TICKETING=allow STAFF:ROOM_CONTROL=allow STAFF:FINANCE=allow AGENT=deny CUSTOMER=deny ANON=deny
GET    /receipts/match-candidates | ADMIN=allow STAFF:运营=allow STAFF:VISA_DESK=allow STAFF:TICKETING=allow STAFF:ROOM_CONTROL=allow STAFF:FINANCE=allow AGENT=deny CUSTOMER=deny ANON=deny
GET    /receipts/statement/export | ADMIN=allow STAFF:运营=allow STAFF:VISA_DESK=allow STAFF:TICKETING=allow STAFF:ROOM_CONTROL=allow STAFF:FINANCE=allow AGENT=deny CUSTOMER=deny ANON=deny
GET    /receipts/unverified-claims | ADMIN=allow STAFF:运营=allow STAFF:VISA_DESK=allow STAFF:TICKETING=allow STAFF:ROOM_CONTROL=allow STAFF:FINANCE=allow AGENT=deny CUSTOMER=deny ANON=deny
GET    /reminders | ADMIN=allow STAFF:运营=allow STAFF:VISA_DESK=allow STAFF:TICKETING=allow STAFF:ROOM_CONTROL=allow STAFF:FINANCE=allow AGENT=deny CUSTOMER=deny ANON=deny
GET    /reminders/work-orders/summary | ADMIN=allow STAFF:运营=allow STAFF:VISA_DESK=allow STAFF:TICKETING=allow STAFF:ROOM_CONTROL=allow STAFF:FINANCE=allow AGENT=deny CUSTOMER=deny ANON=deny
GET    /reports/agent-debts | ADMIN=allow STAFF:运营=deny STAFF:VISA_DESK=deny STAFF:TICKETING=deny STAFF:ROOM_CONTROL=deny STAFF:FINANCE=allow AGENT=deny CUSTOMER=deny ANON=deny
GET    /reports/export | ADMIN=allow STAFF:运营=deny STAFF:VISA_DESK=deny STAFF:TICKETING=deny STAFF:ROOM_CONTROL=deny STAFF:FINANCE=allow AGENT=deny CUSTOMER=deny ANON=deny
GET    /reports/receivables | ADMIN=allow STAFF:运营=deny STAFF:VISA_DESK=deny STAFF:TICKETING=deny STAFF:ROOM_CONTROL=deny STAFF:FINANCE=allow AGENT=deny CUSTOMER=deny ANON=deny
GET    /reports/sales | ADMIN=allow STAFF:运营=deny STAFF:VISA_DESK=deny STAFF:TICKETING=deny STAFF:ROOM_CONTROL=deny STAFF:FINANCE=allow AGENT=deny CUSTOMER=deny ANON=deny
GET    /seat-allocations | ADMIN=allow STAFF:运营=allow STAFF:VISA_DESK=allow STAFF:TICKETING=allow STAFF:ROOM_CONTROL=allow STAFF:FINANCE=allow AGENT=deny CUSTOMER=deny ANON=deny
GET    /seat-locks/mine | ADMIN=allow STAFF:运营=allow STAFF:VISA_DESK=allow STAFF:TICKETING=allow STAFF:ROOM_CONTROL=allow STAFF:FINANCE=allow AGENT=allow CUSTOMER=allow ANON=deny
GET    /settings/ai-ocr | ADMIN=allow STAFF:运营=deny STAFF:VISA_DESK=deny STAFF:TICKETING=deny STAFF:ROOM_CONTROL=deny STAFF:FINANCE=deny AGENT=deny CUSTOMER=deny ANON=deny
GET    /settings/feature-flags | ADMIN=allow STAFF:运营=allow STAFF:VISA_DESK=allow STAFF:TICKETING=allow STAFF:ROOM_CONTROL=allow STAFF:FINANCE=allow AGENT=deny CUSTOMER=deny ANON=deny
GET    /settlement-discounts | ADMIN=allow STAFF:运营=allow STAFF:VISA_DESK=allow STAFF:TICKETING=allow STAFF:ROOM_CONTROL=allow STAFF:FINANCE=allow AGENT=deny CUSTOMER=deny ANON=deny
GET    /settlement-rates | ADMIN=allow STAFF:运营=allow STAFF:VISA_DESK=allow STAFF:TICKETING=allow STAFF:ROOM_CONTROL=allow STAFF:FINANCE=allow AGENT=deny CUSTOMER=deny ANON=deny
GET    /settlement-rates/routes | ADMIN=allow STAFF:运营=allow STAFF:VISA_DESK=allow STAFF:TICKETING=allow STAFF:ROOM_CONTROL=allow STAFF:FINANCE=allow AGENT=deny CUSTOMER=deny ANON=deny
GET    /settlement-requests | ADMIN=allow STAFF:运营=allow STAFF:VISA_DESK=allow STAFF:TICKETING=allow STAFF:ROOM_CONTROL=allow STAFF:FINANCE=allow AGENT=allow CUSTOMER=deny ANON=deny
GET    /settlements | ADMIN=allow STAFF:运营=allow STAFF:VISA_DESK=allow STAFF:TICKETING=allow STAFF:ROOM_CONTROL=allow STAFF:FINANCE=allow AGENT=allow CUSTOMER=allow ANON=deny
GET    /settlements/:id | ADMIN=allow STAFF:运营=allow STAFF:VISA_DESK=allow STAFF:TICKETING=allow STAFF:ROOM_CONTROL=allow STAFF:FINANCE=allow AGENT=allow CUSTOMER=allow ANON=deny
GET    /travelers | ADMIN=allow STAFF:运营=allow STAFF:VISA_DESK=allow STAFF:TICKETING=allow STAFF:ROOM_CONTROL=allow STAFF:FINANCE=allow AGENT=allow CUSTOMER=deny ANON=deny
GET    /travelers/:id | ADMIN=allow STAFF:运营=allow STAFF:VISA_DESK=allow STAFF:TICKETING=allow STAFF:ROOM_CONTROL=allow STAFF:FINANCE=allow AGENT=allow CUSTOMER=deny ANON=deny
GET    /travelers/profiles | ADMIN=allow STAFF:运营=allow STAFF:VISA_DESK=allow STAFF:TICKETING=allow STAFF:ROOM_CONTROL=allow STAFF:FINANCE=allow AGENT=deny CUSTOMER=deny ANON=deny
GET    /travelers/profiles/:id | ADMIN=allow STAFF:运营=allow STAFF:VISA_DESK=allow STAFF:TICKETING=allow STAFF:ROOM_CONTROL=allow STAFF:FINANCE=allow AGENT=deny CUSTOMER=deny ANON=deny
GET    /travelers/profiles/suggest | ADMIN=allow STAFF:运营=allow STAFF:VISA_DESK=allow STAFF:TICKETING=allow STAFF:ROOM_CONTROL=allow STAFF:FINANCE=allow AGENT=deny CUSTOMER=deny ANON=deny
GET    /users/me | ADMIN=allow STAFF:运营=allow STAFF:VISA_DESK=allow STAFF:TICKETING=allow STAFF:ROOM_CONTROL=allow STAFF:FINANCE=allow AGENT=allow CUSTOMER=allow ANON=deny
GET    /users/staff | ADMIN=allow STAFF:运营=deny STAFF:VISA_DESK=deny STAFF:TICKETING=deny STAFF:ROOM_CONTROL=deny STAFF:FINANCE=deny AGENT=deny CUSTOMER=deny ANON=deny
GET    /waitlist | ADMIN=allow STAFF:运营=allow STAFF:VISA_DESK=allow STAFF:TICKETING=allow STAFF:ROOM_CONTROL=allow STAFF:FINANCE=allow AGENT=deny CUSTOMER=deny ANON=deny
GET    /waitlist/mine | ADMIN=allow STAFF:运营=allow STAFF:VISA_DESK=allow STAFF:TICKETING=allow STAFF:ROOM_CONTROL=allow STAFF:FINANCE=allow AGENT=allow CUSTOMER=allow ANON=deny
HEAD   /agent-recharges | ADMIN=allow STAFF:运营=allow STAFF:VISA_DESK=allow STAFF:TICKETING=allow STAFF:ROOM_CONTROL=allow STAFF:FINANCE=allow AGENT=allow CUSTOMER=deny ANON=deny
HEAD   /agent-recharges/ | ADMIN=allow STAFF:运营=allow STAFF:VISA_DESK=allow STAFF:TICKETING=allow STAFF:ROOM_CONTROL=allow STAFF:FINANCE=allow AGENT=allow CUSTOMER=deny ANON=deny
HEAD   /agent-recharges/my-channels | ADMIN=deny STAFF:运营=deny STAFF:VISA_DESK=deny STAFF:TICKETING=deny STAFF:ROOM_CONTROL=deny STAFF:FINANCE=deny AGENT=allow CUSTOMER=deny ANON=deny
HEAD   /agents | ADMIN=allow STAFF:运营=allow STAFF:VISA_DESK=allow STAFF:TICKETING=allow STAFF:ROOM_CONTROL=allow STAFF:FINANCE=allow AGENT=allow CUSTOMER=deny ANON=deny
HEAD   /agents/ | ADMIN=allow STAFF:运营=allow STAFF:VISA_DESK=allow STAFF:TICKETING=allow STAFF:ROOM_CONTROL=allow STAFF:FINANCE=allow AGENT=allow CUSTOMER=deny ANON=deny
HEAD   /agents/:id/commission-rules | ADMIN=allow STAFF:运营=allow STAFF:VISA_DESK=allow STAFF:TICKETING=allow STAFF:ROOM_CONTROL=allow STAFF:FINANCE=allow AGENT=deny CUSTOMER=deny ANON=deny
HEAD   /agents/:id/statement | ADMIN=allow STAFF:运营=allow STAFF:VISA_DESK=allow STAFF:TICKETING=allow STAFF:ROOM_CONTROL=allow STAFF:FINANCE=allow AGENT=allow CUSTOMER=allow ANON=deny
HEAD   /agents/me | ADMIN=allow STAFF:运营=deny STAFF:VISA_DESK=deny STAFF:TICKETING=deny STAFF:ROOM_CONTROL=deny STAFF:FINANCE=deny AGENT=allow CUSTOMER=deny ANON=deny
HEAD   /audit-logs | ADMIN=allow STAFF:运营=allow STAFF:VISA_DESK=allow STAFF:TICKETING=allow STAFF:ROOM_CONTROL=allow STAFF:FINANCE=allow AGENT=deny CUSTOMER=deny ANON=deny
HEAD   /audit-logs/ | ADMIN=allow STAFF:运营=allow STAFF:VISA_DESK=allow STAFF:TICKETING=allow STAFF:ROOM_CONTROL=allow STAFF:FINANCE=allow AGENT=deny CUSTOMER=deny ANON=deny
HEAD   /bundle-change-requests | ADMIN=allow STAFF:运营=allow STAFF:VISA_DESK=allow STAFF:TICKETING=allow STAFF:ROOM_CONTROL=allow STAFF:FINANCE=allow AGENT=allow CUSTOMER=deny ANON=deny
HEAD   /bundle-change-requests/ | ADMIN=allow STAFF:运营=allow STAFF:VISA_DESK=allow STAFF:TICKETING=allow STAFF:ROOM_CONTROL=allow STAFF:FINANCE=allow AGENT=allow CUSTOMER=deny ANON=deny
HEAD   /cancellation-policies | ADMIN=allow STAFF:运营=allow STAFF:VISA_DESK=allow STAFF:TICKETING=allow STAFF:ROOM_CONTROL=allow STAFF:FINANCE=allow AGENT=deny CUSTOMER=deny ANON=deny
HEAD   /cancellation-policies/ | ADMIN=allow STAFF:运营=allow STAFF:VISA_DESK=allow STAFF:TICKETING=allow STAFF:ROOM_CONTROL=allow STAFF:FINANCE=allow AGENT=deny CUSTOMER=deny ANON=deny
HEAD   /customers | ADMIN=allow STAFF:运营=allow STAFF:VISA_DESK=allow STAFF:TICKETING=allow STAFF:ROOM_CONTROL=allow STAFF:FINANCE=allow AGENT=allow CUSTOMER=deny ANON=deny
HEAD   /customers/ | ADMIN=allow STAFF:运营=allow STAFF:VISA_DESK=allow STAFF:TICKETING=allow STAFF:ROOM_CONTROL=allow STAFF:FINANCE=allow AGENT=allow CUSTOMER=deny ANON=deny
HEAD   /customers/:id | ADMIN=allow STAFF:运营=allow STAFF:VISA_DESK=allow STAFF:TICKETING=allow STAFF:ROOM_CONTROL=allow STAFF:FINANCE=allow AGENT=allow CUSTOMER=deny ANON=deny
HEAD   /dashboard/alerts-summary | ADMIN=allow STAFF:运营=allow STAFF:VISA_DESK=allow STAFF:TICKETING=allow STAFF:ROOM_CONTROL=allow STAFF:FINANCE=allow AGENT=deny CUSTOMER=deny ANON=deny
HEAD   /dashboard/kpi | ADMIN=allow STAFF:运营=allow STAFF:VISA_DESK=allow STAFF:TICKETING=allow STAFF:ROOM_CONTROL=allow STAFF:FINANCE=allow AGENT=deny CUSTOMER=deny ANON=deny
HEAD   /dashboard/pending-aging | ADMIN=allow STAFF:运营=allow STAFF:VISA_DESK=allow STAFF:TICKETING=allow STAFF:ROOM_CONTROL=allow STAFF:FINANCE=allow AGENT=deny CUSTOMER=deny ANON=deny
HEAD   /dashboard/pending-aging/orders | ADMIN=allow STAFF:运营=allow STAFF:VISA_DESK=allow STAFF:TICKETING=allow STAFF:ROOM_CONTROL=allow STAFF:FINANCE=allow AGENT=deny CUSTOMER=deny ANON=deny
HEAD   /dashboard/top-agents | ADMIN=allow STAFF:运营=allow STAFF:VISA_DESK=allow STAFF:TICKETING=allow STAFF:ROOM_CONTROL=allow STAFF:FINANCE=allow AGENT=deny CUSTOMER=deny ANON=deny
HEAD   /dashboard/weekly | ADMIN=allow STAFF:运营=allow STAFF:VISA_DESK=allow STAFF:TICKETING=allow STAFF:ROOM_CONTROL=allow STAFF:FINANCE=allow AGENT=deny CUSTOMER=deny ANON=deny
HEAD   /finances/cost/periods | ADMIN=allow STAFF:运营=allow STAFF:VISA_DESK=allow STAFF:TICKETING=allow STAFF:ROOM_CONTROL=allow STAFF:FINANCE=allow AGENT=deny CUSTOMER=deny ANON=deny
HEAD   /finances/cost/schedules | ADMIN=allow STAFF:运营=allow STAFF:VISA_DESK=allow STAFF:TICKETING=allow STAFF:ROOM_CONTROL=allow STAFF:FINANCE=allow AGENT=deny CUSTOMER=deny ANON=deny
HEAD   /finances/export | ADMIN=allow STAFF:运营=deny STAFF:VISA_DESK=deny STAFF:TICKETING=deny STAFF:ROOM_CONTROL=deny STAFF:FINANCE=allow AGENT=deny CUSTOMER=deny ANON=deny
HEAD   /finances/export-by-flight | ADMIN=allow STAFF:运营=deny STAFF:VISA_DESK=deny STAFF:TICKETING=deny STAFF:ROOM_CONTROL=deny STAFF:FINANCE=allow AGENT=deny CUSTOMER=deny ANON=deny
HEAD   /finances/export-orders | ADMIN=allow STAFF:运营=deny STAFF:VISA_DESK=deny STAFF:TICKETING=deny STAFF:ROOM_CONTROL=deny STAFF:FINANCE=allow AGENT=deny CUSTOMER=deny ANON=deny
HEAD   /finances/flights | ADMIN=allow STAFF:运营=deny STAFF:VISA_DESK=deny STAFF:TICKETING=deny STAFF:ROOM_CONTROL=deny STAFF:FINANCE=allow AGENT=deny CUSTOMER=deny ANON=deny
HEAD   /finances/monthly | ADMIN=allow STAFF:运营=deny STAFF:VISA_DESK=deny STAFF:TICKETING=deny STAFF:ROOM_CONTROL=deny STAFF:FINANCE=allow AGENT=deny CUSTOMER=deny ANON=deny
HEAD   /finances/orders | ADMIN=allow STAFF:运营=deny STAFF:VISA_DESK=deny STAFF:TICKETING=deny STAFF:ROOM_CONTROL=deny STAFF:FINANCE=allow AGENT=deny CUSTOMER=deny ANON=deny
HEAD   /finances/orders/:id/pnl-detail | ADMIN=allow STAFF:运营=deny STAFF:VISA_DESK=deny STAFF:TICKETING=deny STAFF:ROOM_CONTROL=deny STAFF:FINANCE=allow AGENT=deny CUSTOMER=deny ANON=deny
HEAD   /finances/refunds/pending-payout | ADMIN=allow STAFF:运营=deny STAFF:VISA_DESK=deny STAFF:TICKETING=deny STAFF:ROOM_CONTROL=deny STAFF:FINANCE=allow AGENT=deny CUSTOMER=deny ANON=deny
HEAD   /finances/summary | ADMIN=allow STAFF:运营=deny STAFF:VISA_DESK=deny STAFF:TICKETING=deny STAFF:ROOM_CONTROL=deny STAFF:FINANCE=allow AGENT=deny CUSTOMER=deny ANON=deny
HEAD   /finances/usd-fx-rates | ADMIN=allow STAFF:运营=allow STAFF:VISA_DESK=allow STAFF:TICKETING=allow STAFF:ROOM_CONTROL=allow STAFF:FINANCE=allow AGENT=deny CUSTOMER=deny ANON=deny
HEAD   /finances/usd-fx-rates/effective | ADMIN=allow STAFF:运营=allow STAFF:VISA_DESK=allow STAFF:TICKETING=allow STAFF:ROOM_CONTROL=allow STAFF:FINANCE=allow AGENT=deny CUSTOMER=deny ANON=deny
HEAD   /flight-settlement-rates | ADMIN=allow STAFF:运营=allow STAFF:VISA_DESK=allow STAFF:TICKETING=allow STAFF:ROOM_CONTROL=allow STAFF:FINANCE=allow AGENT=deny CUSTOMER=deny ANON=deny
HEAD   /flight-settlement-rates/ | ADMIN=allow STAFF:运营=allow STAFF:VISA_DESK=allow STAFF:TICKETING=allow STAFF:ROOM_CONTROL=allow STAFF:FINANCE=allow AGENT=deny CUSTOMER=deny ANON=deny
HEAD   /flights | ADMIN=allow STAFF:运营=allow STAFF:VISA_DESK=allow STAFF:TICKETING=allow STAFF:ROOM_CONTROL=allow STAFF:FINANCE=allow AGENT=allow CUSTOMER=deny ANON=deny
HEAD   /flights/ | ADMIN=allow STAFF:运营=allow STAFF:VISA_DESK=allow STAFF:TICKETING=allow STAFF:ROOM_CONTROL=allow STAFF:FINANCE=allow AGENT=allow CUSTOMER=deny ANON=deny
HEAD   /flights/:flightId/baggage-policies | ADMIN=allow STAFF:运营=allow STAFF:VISA_DESK=allow STAFF:TICKETING=allow STAFF:ROOM_CONTROL=allow STAFF:FINANCE=allow AGENT=deny CUSTOMER=deny ANON=deny
HEAD   /flights/:flightId/schedules | ADMIN=allow STAFF:运营=allow STAFF:VISA_DESK=allow STAFF:TICKETING=allow STAFF:ROOM_CONTROL=allow STAFF:FINANCE=allow AGENT=allow CUSTOMER=deny ANON=deny
HEAD   /flights/schedules | ADMIN=allow STAFF:运营=allow STAFF:VISA_DESK=allow STAFF:TICKETING=allow STAFF:ROOM_CONTROL=allow STAFF:FINANCE=allow AGENT=deny CUSTOMER=deny ANON=deny
HEAD   /flights/schedules/export-seat-stats | ADMIN=allow STAFF:运营=allow STAFF:VISA_DESK=allow STAFF:TICKETING=allow STAFF:ROOM_CONTROL=allow STAFF:FINANCE=allow AGENT=deny CUSTOMER=deny ANON=deny
HEAD   /fulfillment-tasks | ADMIN=allow STAFF:运营=allow STAFF:VISA_DESK=allow STAFF:TICKETING=allow STAFF:ROOM_CONTROL=allow STAFF:FINANCE=allow AGENT=deny CUSTOMER=deny ANON=deny
HEAD   /fulfillment-tasks/ | ADMIN=allow STAFF:运营=allow STAFF:VISA_DESK=allow STAFF:TICKETING=allow STAFF:ROOM_CONTROL=allow STAFF:FINANCE=allow AGENT=deny CUSTOMER=deny ANON=deny
HEAD   /fulfillment-tasks/by-order/:orderId | ADMIN=allow STAFF:运营=allow STAFF:VISA_DESK=allow STAFF:TICKETING=allow STAFF:ROOM_CONTROL=allow STAFF:FINANCE=allow AGENT=deny CUSTOMER=deny ANON=deny
HEAD   /fulfillment-tasks/by-order/:orderId/passenger-photos | ADMIN=allow STAFF:运营=allow STAFF:VISA_DESK=allow STAFF:TICKETING=allow STAFF:ROOM_CONTROL=allow STAFF:FINANCE=allow AGENT=deny CUSTOMER=deny ANON=deny
HEAD   /hold-orders | ADMIN=allow STAFF:运营=allow STAFF:VISA_DESK=allow STAFF:TICKETING=allow STAFF:ROOM_CONTROL=allow STAFF:FINANCE=allow AGENT=deny CUSTOMER=deny ANON=deny
HEAD   /hold-orders/ | ADMIN=allow STAFF:运营=allow STAFF:VISA_DESK=allow STAFF:TICKETING=allow STAFF:ROOM_CONTROL=allow STAFF:FINANCE=allow AGENT=deny CUSTOMER=deny ANON=deny
HEAD   /hold-orders/:id | ADMIN=allow STAFF:运营=allow STAFF:VISA_DESK=allow STAFF:TICKETING=allow STAFF:ROOM_CONTROL=allow STAFF:FINANCE=allow AGENT=deny CUSTOMER=deny ANON=deny
HEAD   /hold-orders/config | ADMIN=allow STAFF:运营=allow STAFF:VISA_DESK=allow STAFF:TICKETING=allow STAFF:ROOM_CONTROL=allow STAFF:FINANCE=allow AGENT=deny CUSTOMER=deny ANON=deny
HEAD   /hold-orders/summary | ADMIN=allow STAFF:运营=allow STAFF:VISA_DESK=allow STAFF:TICKETING=allow STAFF:ROOM_CONTROL=allow STAFF:FINANCE=allow AGENT=deny CUSTOMER=deny ANON=deny
HEAD   /hotel-control/alerts | ADMIN=allow STAFF:运营=allow STAFF:VISA_DESK=allow STAFF:TICKETING=allow STAFF:ROOM_CONTROL=allow STAFF:FINANCE=allow AGENT=deny CUSTOMER=deny ANON=deny
HEAD   /hotel-control/block-periods | ADMIN=allow STAFF:运营=allow STAFF:VISA_DESK=allow STAFF:TICKETING=allow STAFF:ROOM_CONTROL=allow STAFF:FINANCE=allow AGENT=deny CUSTOMER=deny ANON=deny
HEAD   /hotel-control/board | ADMIN=allow STAFF:运营=allow STAFF:VISA_DESK=allow STAFF:TICKETING=allow STAFF:ROOM_CONTROL=allow STAFF:FINANCE=allow AGENT=deny CUSTOMER=deny ANON=deny
HEAD   /hotel-control/export | ADMIN=allow STAFF:运营=allow STAFF:VISA_DESK=allow STAFF:TICKETING=allow STAFF:ROOM_CONTROL=allow STAFF:FINANCE=allow AGENT=deny CUSTOMER=deny ANON=deny
HEAD   /hotel-control/forward | ADMIN=allow STAFF:运营=allow STAFF:VISA_DESK=allow STAFF:TICKETING=allow STAFF:ROOM_CONTROL=allow STAFF:FINANCE=allow AGENT=deny CUSTOMER=deny ANON=deny
HEAD   /hotel-control/nightly-remaining | ADMIN=allow STAFF:运营=allow STAFF:VISA_DESK=allow STAFF:TICKETING=allow STAFF:ROOM_CONTROL=allow STAFF:FINANCE=allow AGENT=deny CUSTOMER=deny ANON=deny
HEAD   /hotel-control/occupants | ADMIN=allow STAFF:运营=allow STAFF:VISA_DESK=allow STAFF:TICKETING=allow STAFF:ROOM_CONTROL=allow STAFF:FINANCE=allow AGENT=deny CUSTOMER=deny ANON=deny
HEAD   /hotel-control/oversell-cap | ADMIN=allow STAFF:运营=allow STAFF:VISA_DESK=allow STAFF:TICKETING=allow STAFF:ROOM_CONTROL=allow STAFF:FINANCE=allow AGENT=deny CUSTOMER=deny ANON=deny
HEAD   /hotel-control/passports.zip | ADMIN=allow STAFF:运营=allow STAFF:VISA_DESK=allow STAFF:TICKETING=allow STAFF:ROOM_CONTROL=allow STAFF:FINANCE=allow AGENT=deny CUSTOMER=deny ANON=deny
HEAD   /hotel-control/random-tier-shortfall | ADMIN=allow STAFF:运营=allow STAFF:VISA_DESK=allow STAFF:TICKETING=allow STAFF:ROOM_CONTROL=allow STAFF:FINANCE=allow AGENT=deny CUSTOMER=deny ANON=deny
HEAD   /hotel-control/recent-changes | ADMIN=allow STAFF:运营=allow STAFF:VISA_DESK=allow STAFF:TICKETING=allow STAFF:ROOM_CONTROL=allow STAFF:FINANCE=allow AGENT=deny CUSTOMER=deny ANON=deny
HEAD   /legacy/dashboard | ADMIN=allow STAFF:运营=allow STAFF:VISA_DESK=allow STAFF:TICKETING=allow STAFF:ROOM_CONTROL=allow STAFF:FINANCE=allow AGENT=deny CUSTOMER=deny ANON=deny
HEAD   /legacy/passenger-history | ADMIN=allow STAFF:运营=allow STAFF:VISA_DESK=allow STAFF:TICKETING=allow STAFF:ROOM_CONTROL=allow STAFF:FINANCE=allow AGENT=deny CUSTOMER=deny ANON=deny
HEAD   /legacy/stats | ADMIN=allow STAFF:运营=allow STAFF:VISA_DESK=allow STAFF:TICKETING=allow STAFF:ROOM_CONTROL=allow STAFF:FINANCE=allow AGENT=deny CUSTOMER=deny ANON=deny
HEAD   /legacy/tickets | ADMIN=allow STAFF:运营=allow STAFF:VISA_DESK=allow STAFF:TICKETING=allow STAFF:ROOM_CONTROL=allow STAFF:FINANCE=allow AGENT=deny CUSTOMER=deny ANON=deny
HEAD   /legacy/tickets/:id | ADMIN=allow STAFF:运营=allow STAFF:VISA_DESK=allow STAFF:TICKETING=allow STAFF:ROOM_CONTROL=allow STAFF:FINANCE=allow AGENT=deny CUSTOMER=deny ANON=deny
HEAD   /marketing/posters | ADMIN=allow STAFF:运营=allow STAFF:VISA_DESK=allow STAFF:TICKETING=allow STAFF:ROOM_CONTROL=allow STAFF:FINANCE=allow AGENT=deny CUSTOMER=deny ANON=deny
HEAD   /marketing/posters/:id | ADMIN=allow STAFF:运营=allow STAFF:VISA_DESK=allow STAFF:TICKETING=allow STAFF:ROOM_CONTROL=allow STAFF:FINANCE=allow AGENT=deny CUSTOMER=deny ANON=deny
HEAD   /marketing/templates | ADMIN=allow STAFF:运营=allow STAFF:VISA_DESK=allow STAFF:TICKETING=allow STAFF:ROOM_CONTROL=allow STAFF:FINANCE=allow AGENT=deny CUSTOMER=deny ANON=deny
HEAD   /marketing/usage | ADMIN=allow STAFF:运营=allow STAFF:VISA_DESK=allow STAFF:TICKETING=allow STAFF:ROOM_CONTROL=allow STAFF:FINANCE=allow AGENT=deny CUSTOMER=deny ANON=deny
HEAD   /order-change-requests | ADMIN=allow STAFF:运营=allow STAFF:VISA_DESK=allow STAFF:TICKETING=allow STAFF:ROOM_CONTROL=allow STAFF:FINANCE=allow AGENT=allow CUSTOMER=deny ANON=deny
HEAD   /order-change-requests/ | ADMIN=allow STAFF:运营=allow STAFF:VISA_DESK=allow STAFF:TICKETING=allow STAFF:ROOM_CONTROL=allow STAFF:FINANCE=allow AGENT=allow CUSTOMER=deny ANON=deny
HEAD   /order-change-requests/pending-count | ADMIN=allow STAFF:运营=allow STAFF:VISA_DESK=allow STAFF:TICKETING=allow STAFF:ROOM_CONTROL=allow STAFF:FINANCE=allow AGENT=deny CUSTOMER=deny ANON=deny
HEAD   /orders | ADMIN=allow STAFF:运营=allow STAFF:VISA_DESK=allow STAFF:TICKETING=allow STAFF:ROOM_CONTROL=allow STAFF:FINANCE=allow AGENT=allow CUSTOMER=allow ANON=deny
HEAD   /orders/ | ADMIN=allow STAFF:运营=allow STAFF:VISA_DESK=allow STAFF:TICKETING=allow STAFF:ROOM_CONTROL=allow STAFF:FINANCE=allow AGENT=allow CUSTOMER=allow ANON=deny
HEAD   /orders/:id | ADMIN=allow STAFF:运营=allow STAFF:VISA_DESK=allow STAFF:TICKETING=allow STAFF:ROOM_CONTROL=allow STAFF:FINANCE=allow AGENT=allow CUSTOMER=allow ANON=deny
HEAD   /orders/:id/bundle-change-requests | ADMIN=allow STAFF:运营=allow STAFF:VISA_DESK=allow STAFF:TICKETING=allow STAFF:ROOM_CONTROL=allow STAFF:FINANCE=allow AGENT=allow CUSTOMER=deny ANON=deny
HEAD   /orders/:id/itinerary.pdf | ADMIN=allow STAFF:运营=allow STAFF:VISA_DESK=allow STAFF:TICKETING=allow STAFF:ROOM_CONTROL=allow STAFF:FINANCE=allow AGENT=allow CUSTOMER=allow ANON=deny
HEAD   /orders/:id/passengers/:passengerId/swap-preview | ADMIN=allow STAFF:运营=allow STAFF:VISA_DESK=allow STAFF:TICKETING=allow STAFF:ROOM_CONTROL=allow STAFF:FINANCE=allow AGENT=allow CUSTOMER=allow ANON=deny
HEAD   /orders/:id/passport-photos.zip | ADMIN=allow STAFF:运营=allow STAFF:VISA_DESK=allow STAFF:TICKETING=allow STAFF:ROOM_CONTROL=allow STAFF:FINANCE=allow AGENT=deny CUSTOMER=deny ANON=deny
HEAD   /orders/:id/pnr-export | ADMIN=allow STAFF:运营=allow STAFF:VISA_DESK=allow STAFF:TICKETING=allow STAFF:ROOM_CONTROL=allow STAFF:FINANCE=allow AGENT=allow CUSTOMER=allow ANON=deny
HEAD   /orders/:id/refund-quote | ADMIN=allow STAFF:运营=allow STAFF:VISA_DESK=allow STAFF:TICKETING=allow STAFF:ROOM_CONTROL=allow STAFF:FINANCE=allow AGENT=allow CUSTOMER=allow ANON=deny
HEAD   /orders/:id/settlement-requests | ADMIN=allow STAFF:运营=allow STAFF:VISA_DESK=allow STAFF:TICKETING=allow STAFF:ROOM_CONTROL=allow STAFF:FINANCE=allow AGENT=allow CUSTOMER=deny ANON=deny
HEAD   /orders/:orderId/cost-items | ADMIN=allow STAFF:运营=allow STAFF:VISA_DESK=allow STAFF:TICKETING=allow STAFF:ROOM_CONTROL=allow STAFF:FINANCE=allow AGENT=deny CUSTOMER=deny ANON=deny
HEAD   /orders/agent-stats | ADMIN=allow STAFF:运营=allow STAFF:VISA_DESK=allow STAFF:TICKETING=allow STAFF:ROOM_CONTROL=allow STAFF:FINANCE=allow AGENT=allow CUSTOMER=allow ANON=deny
HEAD   /orders/deleted | ADMIN=allow STAFF:运营=allow STAFF:VISA_DESK=allow STAFF:TICKETING=allow STAFF:ROOM_CONTROL=allow STAFF:FINANCE=allow AGENT=deny CUSTOMER=deny ANON=deny
HEAD   /orders/export-by-schedule | ADMIN=allow STAFF:运营=allow STAFF:VISA_DESK=allow STAFF:TICKETING=allow STAFF:ROOM_CONTROL=allow STAFF:FINANCE=allow AGENT=deny CUSTOMER=deny ANON=deny
HEAD   /orders/export-room-allocation | ADMIN=allow STAFF:运营=allow STAFF:VISA_DESK=allow STAFF:TICKETING=allow STAFF:ROOM_CONTROL=allow STAFF:FINANCE=allow AGENT=deny CUSTOMER=deny ANON=deny
HEAD   /orders/export-templates | ADMIN=allow STAFF:运营=allow STAFF:VISA_DESK=allow STAFF:TICKETING=allow STAFF:ROOM_CONTROL=allow STAFF:FINANCE=allow AGENT=allow CUSTOMER=deny ANON=deny
HEAD   /orders/export/intake | ADMIN=allow STAFF:运营=allow STAFF:VISA_DESK=allow STAFF:TICKETING=allow STAFF:ROOM_CONTROL=allow STAFF:FINANCE=allow AGENT=allow CUSTOMER=deny ANON=deny
HEAD   /orders/export/master | ADMIN=allow STAFF:运营=allow STAFF:VISA_DESK=allow STAFF:TICKETING=allow STAFF:ROOM_CONTROL=allow STAFF:FINANCE=allow AGENT=allow CUSTOMER=deny ANON=deny
HEAD   /orders/no-show/report | ADMIN=allow STAFF:运营=allow STAFF:VISA_DESK=allow STAFF:TICKETING=allow STAFF:ROOM_CONTROL=allow STAFF:FINANCE=allow AGENT=deny CUSTOMER=deny ANON=deny
HEAD   /orders/no-show/report/export | ADMIN=allow STAFF:运营=allow STAFF:VISA_DESK=allow STAFF:TICKETING=allow STAFF:ROOM_CONTROL=allow STAFF:FINANCE=allow AGENT=deny CUSTOMER=deny ANON=deny
HEAD   /orders/roster/template | ADMIN=allow STAFF:运营=allow STAFF:VISA_DESK=allow STAFF:TICKETING=allow STAFF:ROOM_CONTROL=allow STAFF:FINANCE=allow AGENT=deny CUSTOMER=deny ANON=deny
HEAD   /orders/swap-fee-options | ADMIN=allow STAFF:运营=allow STAFF:VISA_DESK=allow STAFF:TICKETING=allow STAFF:ROOM_CONTROL=allow STAFF:FINANCE=allow AGENT=allow CUSTOMER=allow ANON=deny
HEAD   /payment-channels | ADMIN=allow STAFF:运营=allow STAFF:VISA_DESK=allow STAFF:TICKETING=allow STAFF:ROOM_CONTROL=allow STAFF:FINANCE=allow AGENT=deny CUSTOMER=deny ANON=deny
HEAD   /payment-channels/ | ADMIN=allow STAFF:运营=allow STAFF:VISA_DESK=allow STAFF:TICKETING=allow STAFF:ROOM_CONTROL=allow STAFF:FINANCE=allow AGENT=deny CUSTOMER=deny ANON=deny
HEAD   /payments/:id | ADMIN=allow STAFF:运营=allow STAFF:VISA_DESK=allow STAFF:TICKETING=allow STAFF:ROOM_CONTROL=allow STAFF:FINANCE=allow AGENT=allow CUSTOMER=allow ANON=deny
HEAD   /payments/unverified | ADMIN=allow STAFF:运营=allow STAFF:VISA_DESK=allow STAFF:TICKETING=allow STAFF:ROOM_CONTROL=allow STAFF:FINANCE=allow AGENT=allow CUSTOMER=allow ANON=deny
HEAD   /products/bundles/flight-ref | ADMIN=allow STAFF:运营=allow STAFF:VISA_DESK=allow STAFF:TICKETING=allow STAFF:ROOM_CONTROL=allow STAFF:FINANCE=allow AGENT=deny CUSTOMER=deny ANON=deny
HEAD   /products/hotels | ADMIN=allow STAFF:运营=allow STAFF:VISA_DESK=allow STAFF:TICKETING=allow STAFF:ROOM_CONTROL=allow STAFF:FINANCE=allow AGENT=allow CUSTOMER=allow ANON=allow
HEAD   /products/hotels/:id | ADMIN=allow STAFF:运营=allow STAFF:VISA_DESK=allow STAFF:TICKETING=allow STAFF:ROOM_CONTROL=allow STAFF:FINANCE=allow AGENT=allow CUSTOMER=allow ANON=allow
HEAD   /products/hotels/cities | ADMIN=allow STAFF:运营=allow STAFF:VISA_DESK=allow STAFF:TICKETING=allow STAFF:ROOM_CONTROL=allow STAFF:FINANCE=allow AGENT=deny CUSTOMER=deny ANON=deny
HEAD   /products/transfers | ADMIN=allow STAFF:运营=allow STAFF:VISA_DESK=allow STAFF:TICKETING=allow STAFF:ROOM_CONTROL=allow STAFF:FINANCE=allow AGENT=allow CUSTOMER=allow ANON=allow
HEAD   /products/transfers/:id | ADMIN=allow STAFF:运营=allow STAFF:VISA_DESK=allow STAFF:TICKETING=allow STAFF:ROOM_CONTROL=allow STAFF:FINANCE=allow AGENT=allow CUSTOMER=allow ANON=allow
HEAD   /products/visas | ADMIN=allow STAFF:运营=allow STAFF:VISA_DESK=allow STAFF:TICKETING=allow STAFF:ROOM_CONTROL=allow STAFF:FINANCE=allow AGENT=allow CUSTOMER=allow ANON=allow
HEAD   /products/visas/:id | ADMIN=allow STAFF:运营=allow STAFF:VISA_DESK=allow STAFF:TICKETING=allow STAFF:ROOM_CONTROL=allow STAFF:FINANCE=allow AGENT=allow CUSTOMER=allow ANON=allow
HEAD   /receipts | ADMIN=allow STAFF:运营=allow STAFF:VISA_DESK=allow STAFF:TICKETING=allow STAFF:ROOM_CONTROL=allow STAFF:FINANCE=allow AGENT=deny CUSTOMER=deny ANON=deny
HEAD   /receipts/ | ADMIN=allow STAFF:运营=allow STAFF:VISA_DESK=allow STAFF:TICKETING=allow STAFF:ROOM_CONTROL=allow STAFF:FINANCE=allow AGENT=deny CUSTOMER=deny ANON=deny
HEAD   /receipts/ledger | ADMIN=allow STAFF:运营=allow STAFF:VISA_DESK=allow STAFF:TICKETING=allow STAFF:ROOM_CONTROL=allow STAFF:FINANCE=allow AGENT=deny CUSTOMER=deny ANON=deny
HEAD   /receipts/match-candidates | ADMIN=allow STAFF:运营=allow STAFF:VISA_DESK=allow STAFF:TICKETING=allow STAFF:ROOM_CONTROL=allow STAFF:FINANCE=allow AGENT=deny CUSTOMER=deny ANON=deny
HEAD   /receipts/statement/export | ADMIN=allow STAFF:运营=allow STAFF:VISA_DESK=allow STAFF:TICKETING=allow STAFF:ROOM_CONTROL=allow STAFF:FINANCE=allow AGENT=deny CUSTOMER=deny ANON=deny
HEAD   /receipts/unverified-claims | ADMIN=allow STAFF:运营=allow STAFF:VISA_DESK=allow STAFF:TICKETING=allow STAFF:ROOM_CONTROL=allow STAFF:FINANCE=allow AGENT=deny CUSTOMER=deny ANON=deny
HEAD   /reminders | ADMIN=allow STAFF:运营=allow STAFF:VISA_DESK=allow STAFF:TICKETING=allow STAFF:ROOM_CONTROL=allow STAFF:FINANCE=allow AGENT=deny CUSTOMER=deny ANON=deny
HEAD   /reminders/ | ADMIN=allow STAFF:运营=allow STAFF:VISA_DESK=allow STAFF:TICKETING=allow STAFF:ROOM_CONTROL=allow STAFF:FINANCE=allow AGENT=deny CUSTOMER=deny ANON=deny
HEAD   /reminders/work-orders/summary | ADMIN=allow STAFF:运营=allow STAFF:VISA_DESK=allow STAFF:TICKETING=allow STAFF:ROOM_CONTROL=allow STAFF:FINANCE=allow AGENT=deny CUSTOMER=deny ANON=deny
HEAD   /reports/agent-debts | ADMIN=allow STAFF:运营=deny STAFF:VISA_DESK=deny STAFF:TICKETING=deny STAFF:ROOM_CONTROL=deny STAFF:FINANCE=allow AGENT=deny CUSTOMER=deny ANON=deny
HEAD   /reports/export | ADMIN=allow STAFF:运营=deny STAFF:VISA_DESK=deny STAFF:TICKETING=deny STAFF:ROOM_CONTROL=deny STAFF:FINANCE=allow AGENT=deny CUSTOMER=deny ANON=deny
HEAD   /reports/receivables | ADMIN=allow STAFF:运营=deny STAFF:VISA_DESK=deny STAFF:TICKETING=deny STAFF:ROOM_CONTROL=deny STAFF:FINANCE=allow AGENT=deny CUSTOMER=deny ANON=deny
HEAD   /reports/sales | ADMIN=allow STAFF:运营=deny STAFF:VISA_DESK=deny STAFF:TICKETING=deny STAFF:ROOM_CONTROL=deny STAFF:FINANCE=allow AGENT=deny CUSTOMER=deny ANON=deny
HEAD   /seat-allocations | ADMIN=allow STAFF:运营=allow STAFF:VISA_DESK=allow STAFF:TICKETING=allow STAFF:ROOM_CONTROL=allow STAFF:FINANCE=allow AGENT=deny CUSTOMER=deny ANON=deny
HEAD   /seat-allocations/ | ADMIN=allow STAFF:运营=allow STAFF:VISA_DESK=allow STAFF:TICKETING=allow STAFF:ROOM_CONTROL=allow STAFF:FINANCE=allow AGENT=deny CUSTOMER=deny ANON=deny
HEAD   /seat-locks/mine | ADMIN=allow STAFF:运营=allow STAFF:VISA_DESK=allow STAFF:TICKETING=allow STAFF:ROOM_CONTROL=allow STAFF:FINANCE=allow AGENT=allow CUSTOMER=allow ANON=deny
HEAD   /settings/ai-ocr | ADMIN=allow STAFF:运营=deny STAFF:VISA_DESK=deny STAFF:TICKETING=deny STAFF:ROOM_CONTROL=deny STAFF:FINANCE=deny AGENT=deny CUSTOMER=deny ANON=deny
HEAD   /settings/feature-flags | ADMIN=allow STAFF:运营=allow STAFF:VISA_DESK=allow STAFF:TICKETING=allow STAFF:ROOM_CONTROL=allow STAFF:FINANCE=allow AGENT=deny CUSTOMER=deny ANON=deny
HEAD   /settlement-discounts | ADMIN=allow STAFF:运营=allow STAFF:VISA_DESK=allow STAFF:TICKETING=allow STAFF:ROOM_CONTROL=allow STAFF:FINANCE=allow AGENT=deny CUSTOMER=deny ANON=deny
HEAD   /settlement-discounts/ | ADMIN=allow STAFF:运营=allow STAFF:VISA_DESK=allow STAFF:TICKETING=allow STAFF:ROOM_CONTROL=allow STAFF:FINANCE=allow AGENT=deny CUSTOMER=deny ANON=deny
HEAD   /settlement-rates | ADMIN=allow STAFF:运营=allow STAFF:VISA_DESK=allow STAFF:TICKETING=allow STAFF:ROOM_CONTROL=allow STAFF:FINANCE=allow AGENT=deny CUSTOMER=deny ANON=deny
HEAD   /settlement-rates/ | ADMIN=allow STAFF:运营=allow STAFF:VISA_DESK=allow STAFF:TICKETING=allow STAFF:ROOM_CONTROL=allow STAFF:FINANCE=allow AGENT=deny CUSTOMER=deny ANON=deny
HEAD   /settlement-rates/routes | ADMIN=allow STAFF:运营=allow STAFF:VISA_DESK=allow STAFF:TICKETING=allow STAFF:ROOM_CONTROL=allow STAFF:FINANCE=allow AGENT=deny CUSTOMER=deny ANON=deny
HEAD   /settlement-requests | ADMIN=allow STAFF:运营=allow STAFF:VISA_DESK=allow STAFF:TICKETING=allow STAFF:ROOM_CONTROL=allow STAFF:FINANCE=allow AGENT=allow CUSTOMER=deny ANON=deny
HEAD   /settlement-requests/ | ADMIN=allow STAFF:运营=allow STAFF:VISA_DESK=allow STAFF:TICKETING=allow STAFF:ROOM_CONTROL=allow STAFF:FINANCE=allow AGENT=allow CUSTOMER=deny ANON=deny
HEAD   /settlements | ADMIN=allow STAFF:运营=allow STAFF:VISA_DESK=allow STAFF:TICKETING=allow STAFF:ROOM_CONTROL=allow STAFF:FINANCE=allow AGENT=allow CUSTOMER=allow ANON=deny
HEAD   /settlements/ | ADMIN=allow STAFF:运营=allow STAFF:VISA_DESK=allow STAFF:TICKETING=allow STAFF:ROOM_CONTROL=allow STAFF:FINANCE=allow AGENT=allow CUSTOMER=allow ANON=deny
HEAD   /settlements/:id | ADMIN=allow STAFF:运营=allow STAFF:VISA_DESK=allow STAFF:TICKETING=allow STAFF:ROOM_CONTROL=allow STAFF:FINANCE=allow AGENT=allow CUSTOMER=allow ANON=deny
HEAD   /travelers | ADMIN=allow STAFF:运营=allow STAFF:VISA_DESK=allow STAFF:TICKETING=allow STAFF:ROOM_CONTROL=allow STAFF:FINANCE=allow AGENT=allow CUSTOMER=deny ANON=deny
HEAD   /travelers/ | ADMIN=allow STAFF:运营=allow STAFF:VISA_DESK=allow STAFF:TICKETING=allow STAFF:ROOM_CONTROL=allow STAFF:FINANCE=allow AGENT=allow CUSTOMER=deny ANON=deny
HEAD   /travelers/:id | ADMIN=allow STAFF:运营=allow STAFF:VISA_DESK=allow STAFF:TICKETING=allow STAFF:ROOM_CONTROL=allow STAFF:FINANCE=allow AGENT=allow CUSTOMER=deny ANON=deny
HEAD   /travelers/profiles | ADMIN=allow STAFF:运营=allow STAFF:VISA_DESK=allow STAFF:TICKETING=allow STAFF:ROOM_CONTROL=allow STAFF:FINANCE=allow AGENT=deny CUSTOMER=deny ANON=deny
HEAD   /travelers/profiles/:id | ADMIN=allow STAFF:运营=allow STAFF:VISA_DESK=allow STAFF:TICKETING=allow STAFF:ROOM_CONTROL=allow STAFF:FINANCE=allow AGENT=deny CUSTOMER=deny ANON=deny
HEAD   /travelers/profiles/suggest | ADMIN=allow STAFF:运营=allow STAFF:VISA_DESK=allow STAFF:TICKETING=allow STAFF:ROOM_CONTROL=allow STAFF:FINANCE=allow AGENT=deny CUSTOMER=deny ANON=deny
HEAD   /users/me | ADMIN=allow STAFF:运营=allow STAFF:VISA_DESK=allow STAFF:TICKETING=allow STAFF:ROOM_CONTROL=allow STAFF:FINANCE=allow AGENT=allow CUSTOMER=allow ANON=deny
HEAD   /users/staff | ADMIN=allow STAFF:运营=deny STAFF:VISA_DESK=deny STAFF:TICKETING=deny STAFF:ROOM_CONTROL=deny STAFF:FINANCE=deny AGENT=deny CUSTOMER=deny ANON=deny
HEAD   /waitlist | ADMIN=allow STAFF:运营=allow STAFF:VISA_DESK=allow STAFF:TICKETING=allow STAFF:ROOM_CONTROL=allow STAFF:FINANCE=allow AGENT=deny CUSTOMER=deny ANON=deny
HEAD   /waitlist/ | ADMIN=allow STAFF:运营=allow STAFF:VISA_DESK=allow STAFF:TICKETING=allow STAFF:ROOM_CONTROL=allow STAFF:FINANCE=allow AGENT=deny CUSTOMER=deny ANON=deny
HEAD   /waitlist/mine | ADMIN=allow STAFF:运营=allow STAFF:VISA_DESK=allow STAFF:TICKETING=allow STAFF:ROOM_CONTROL=allow STAFF:FINANCE=allow AGENT=allow CUSTOMER=allow ANON=deny
PATCH  /agent-recharges/:id/confirm | ADMIN=allow STAFF:运营=allow STAFF:VISA_DESK=allow STAFF:TICKETING=allow STAFF:ROOM_CONTROL=allow STAFF:FINANCE=allow AGENT=deny CUSTOMER=deny ANON=deny
PATCH  /agent-recharges/:id/reject | ADMIN=allow STAFF:运营=allow STAFF:VISA_DESK=allow STAFF:TICKETING=allow STAFF:ROOM_CONTROL=allow STAFF:FINANCE=allow AGENT=deny CUSTOMER=deny ANON=deny
PATCH  /agents/:id | ADMIN=allow STAFF:运营=allow STAFF:VISA_DESK=allow STAFF:TICKETING=allow STAFF:ROOM_CONTROL=allow STAFF:FINANCE=allow AGENT=allow CUSTOMER=deny ANON=deny
PATCH  /agents/:id/settlement-mode | ADMIN=allow STAFF:运营=deny STAFF:VISA_DESK=deny STAFF:TICKETING=deny STAFF:ROOM_CONTROL=deny STAFF:FINANCE=deny AGENT=deny CUSTOMER=deny ANON=deny
PATCH  /agents/:id/status | ADMIN=allow STAFF:运营=deny STAFF:VISA_DESK=deny STAFF:TICKETING=deny STAFF:ROOM_CONTROL=deny STAFF:FINANCE=deny AGENT=deny CUSTOMER=deny ANON=deny
PATCH  /cancellation-policies/:id | ADMIN=allow STAFF:运营=allow STAFF:VISA_DESK=allow STAFF:TICKETING=allow STAFF:ROOM_CONTROL=allow STAFF:FINANCE=allow AGENT=deny CUSTOMER=deny ANON=deny
PATCH  /customers/:id | ADMIN=allow STAFF:运营=allow STAFF:VISA_DESK=allow STAFF:TICKETING=allow STAFF:ROOM_CONTROL=allow STAFF:FINANCE=allow AGENT=allow CUSTOMER=deny ANON=deny
PATCH  /finances/cost/flight-schedule/:id | ADMIN=allow STAFF:运营=allow STAFF:VISA_DESK=allow STAFF:TICKETING=allow STAFF:ROOM_CONTROL=allow STAFF:FINANCE=allow AGENT=deny CUSTOMER=deny ANON=deny
PATCH  /finances/cost/hotel-room-type/:id | ADMIN=allow STAFF:运营=allow STAFF:VISA_DESK=allow STAFF:TICKETING=allow STAFF:ROOM_CONTROL=allow STAFF:FINANCE=allow AGENT=deny CUSTOMER=deny ANON=deny
PATCH  /finances/cost/periods/:id | ADMIN=allow STAFF:运营=allow STAFF:VISA_DESK=allow STAFF:TICKETING=allow STAFF:ROOM_CONTROL=allow STAFF:FINANCE=allow AGENT=deny CUSTOMER=deny ANON=deny
PATCH  /finances/cost/transfer/:id | ADMIN=allow STAFF:运营=allow STAFF:VISA_DESK=allow STAFF:TICKETING=allow STAFF:ROOM_CONTROL=allow STAFF:FINANCE=allow AGENT=deny CUSTOMER=deny ANON=deny
PATCH  /finances/cost/visa/:id | ADMIN=allow STAFF:运营=allow STAFF:VISA_DESK=allow STAFF:TICKETING=allow STAFF:ROOM_CONTROL=allow STAFF:FINANCE=allow AGENT=deny CUSTOMER=deny ANON=deny
PATCH  /flights/:flightId | ADMIN=allow STAFF:运营=deny STAFF:VISA_DESK=deny STAFF:TICKETING=deny STAFF:ROOM_CONTROL=deny STAFF:FINANCE=deny AGENT=deny CUSTOMER=deny ANON=deny
PATCH  /flights/schedules/:scheduleId | ADMIN=allow STAFF:运营=allow STAFF:VISA_DESK=deny STAFF:TICKETING=allow STAFF:ROOM_CONTROL=deny STAFF:FINANCE=deny AGENT=deny CUSTOMER=deny ANON=deny
PATCH  /fulfillment-tasks/:id | ADMIN=allow STAFF:运营=allow STAFF:VISA_DESK=allow STAFF:TICKETING=allow STAFF:ROOM_CONTROL=allow STAFF:FINANCE=allow AGENT=deny CUSTOMER=deny ANON=deny
PATCH  /fulfillment-tasks/visa-passengers/:passengerId/status | ADMIN=allow STAFF:运营=allow STAFF:VISA_DESK=allow STAFF:TICKETING=allow STAFF:ROOM_CONTROL=allow STAFF:FINANCE=allow AGENT=deny CUSTOMER=deny ANON=deny
PATCH  /hold-orders/:id/agent | ADMIN=allow STAFF:运营=allow STAFF:VISA_DESK=allow STAFF:TICKETING=allow STAFF:ROOM_CONTROL=allow STAFF:FINANCE=allow AGENT=deny CUSTOMER=deny ANON=deny
PATCH  /hold-orders/:id/info | ADMIN=allow STAFF:运营=allow STAFF:VISA_DESK=allow STAFF:TICKETING=allow STAFF:ROOM_CONTROL=allow STAFF:FINANCE=allow AGENT=deny CUSTOMER=deny ANON=deny
PATCH  /hold-orders/:id/installments/:installmentId | ADMIN=allow STAFF:运营=allow STAFF:VISA_DESK=allow STAFF:TICKETING=allow STAFF:ROOM_CONTROL=allow STAFF:FINANCE=allow AGENT=deny CUSTOMER=deny ANON=deny
PATCH  /hold-orders/:id/price | ADMIN=allow STAFF:运营=allow STAFF:VISA_DESK=allow STAFF:TICKETING=allow STAFF:ROOM_CONTROL=allow STAFF:FINANCE=allow AGENT=deny CUSTOMER=deny ANON=deny
PATCH  /hotel-control/block-periods/:id | ADMIN=allow STAFF:运营=allow STAFF:VISA_DESK=allow STAFF:TICKETING=allow STAFF:ROOM_CONTROL=allow STAFF:FINANCE=allow AGENT=deny CUSTOMER=deny ANON=deny
PATCH  /orders/:id/agent | ADMIN=allow STAFF:运营=allow STAFF:VISA_DESK=allow STAFF:TICKETING=allow STAFF:ROOM_CONTROL=allow STAFF:FINANCE=allow AGENT=allow CUSTOMER=allow ANON=deny
PATCH  /orders/:id/expected-amount | ADMIN=allow STAFF:运营=allow STAFF:VISA_DESK=allow STAFF:TICKETING=allow STAFF:ROOM_CONTROL=allow STAFF:FINANCE=allow AGENT=allow CUSTOMER=allow ANON=deny
PATCH  /orders/:id/invoice-flags | ADMIN=allow STAFF:运营=allow STAFF:VISA_DESK=allow STAFF:TICKETING=allow STAFF:ROOM_CONTROL=allow STAFF:FINANCE=allow AGENT=allow CUSTOMER=allow ANON=deny
PATCH  /orders/:id/items/:itemId/hotel | ADMIN=allow STAFF:运营=allow STAFF:VISA_DESK=allow STAFF:TICKETING=allow STAFF:ROOM_CONTROL=allow STAFF:FINANCE=allow AGENT=allow CUSTOMER=allow ANON=deny
PATCH  /orders/:id/items/:itemId/hotel-reschedule | ADMIN=allow STAFF:运营=allow STAFF:VISA_DESK=allow STAFF:TICKETING=allow STAFF:ROOM_CONTROL=allow STAFF:FINANCE=allow AGENT=allow CUSTOMER=allow ANON=deny
PATCH  /orders/:id/items/:itemId/settlement-price | ADMIN=allow STAFF:运营=allow STAFF:VISA_DESK=allow STAFF:TICKETING=allow STAFF:ROOM_CONTROL=allow STAFF:FINANCE=allow AGENT=allow CUSTOMER=allow ANON=deny
PATCH  /orders/:id/notes | ADMIN=allow STAFF:运营=allow STAFF:VISA_DESK=allow STAFF:TICKETING=allow STAFF:ROOM_CONTROL=allow STAFF:FINANCE=allow AGENT=allow CUSTOMER=allow ANON=deny
PATCH  /orders/:id/passengers/:passengerId | ADMIN=allow STAFF:运营=allow STAFF:VISA_DESK=allow STAFF:TICKETING=allow STAFF:ROOM_CONTROL=allow STAFF:FINANCE=allow AGENT=allow CUSTOMER=allow ANON=deny
PATCH  /orders/:id/passengers/:passengerId/ticket | ADMIN=allow STAFF:运营=allow STAFF:VISA_DESK=allow STAFF:TICKETING=allow STAFF:ROOM_CONTROL=allow STAFF:FINANCE=allow AGENT=allow CUSTOMER=allow ANON=deny
PATCH  /orders/:id/passengers/:passengerId/visa-dates | ADMIN=allow STAFF:运营=allow STAFF:VISA_DESK=allow STAFF:TICKETING=allow STAFF:ROOM_CONTROL=allow STAFF:FINANCE=allow AGENT=allow CUSTOMER=allow ANON=deny
PATCH  /orders/:id/passengers/:passengerId/visa-exempt | ADMIN=allow STAFF:运营=allow STAFF:VISA_DESK=allow STAFF:TICKETING=allow STAFF:ROOM_CONTROL=allow STAFF:FINANCE=allow AGENT=allow CUSTOMER=allow ANON=deny
PATCH  /orders/:id/reschedule | ADMIN=allow STAFF:运营=allow STAFF:VISA_DESK=allow STAFF:TICKETING=allow STAFF:ROOM_CONTROL=allow STAFF:FINANCE=allow AGENT=allow CUSTOMER=allow ANON=deny
PATCH  /orders/:id/status | ADMIN=allow STAFF:运营=allow STAFF:VISA_DESK=allow STAFF:TICKETING=allow STAFF:ROOM_CONTROL=allow STAFF:FINANCE=allow AGENT=allow CUSTOMER=allow ANON=deny
PATCH  /orders/:id/swap-replacement-order | ADMIN=allow STAFF:运营=allow STAFF:VISA_DESK=allow STAFF:TICKETING=allow STAFF:ROOM_CONTROL=allow STAFF:FINANCE=allow AGENT=allow CUSTOMER=allow ANON=deny
PATCH  /orders/cost-items/:id | ADMIN=allow STAFF:运营=allow STAFF:VISA_DESK=allow STAFF:TICKETING=allow STAFF:ROOM_CONTROL=allow STAFF:FINANCE=allow AGENT=deny CUSTOMER=deny ANON=deny
PATCH  /payment-channels/:id | ADMIN=allow STAFF:运营=allow STAFF:VISA_DESK=allow STAFF:TICKETING=allow STAFF:ROOM_CONTROL=allow STAFF:FINANCE=allow AGENT=deny CUSTOMER=deny ANON=deny
PATCH  /products/bundles/:id | ADMIN=allow STAFF:运营=allow STAFF:VISA_DESK=allow STAFF:TICKETING=allow STAFF:ROOM_CONTROL=allow STAFF:FINANCE=allow AGENT=deny CUSTOMER=deny ANON=deny
PATCH  /products/hotels/:id | ADMIN=allow STAFF:运营=allow STAFF:VISA_DESK=allow STAFF:TICKETING=allow STAFF:ROOM_CONTROL=allow STAFF:FINANCE=allow AGENT=deny CUSTOMER=deny ANON=deny
PATCH  /products/transfers/:id | ADMIN=allow STAFF:运营=allow STAFF:VISA_DESK=allow STAFF:TICKETING=allow STAFF:ROOM_CONTROL=allow STAFF:FINANCE=allow AGENT=deny CUSTOMER=deny ANON=deny
PATCH  /products/visas/:id | ADMIN=allow STAFF:运营=allow STAFF:VISA_DESK=allow STAFF:TICKETING=allow STAFF:ROOM_CONTROL=allow STAFF:FINANCE=allow AGENT=deny CUSTOMER=deny ANON=deny
PATCH  /reminders/:id | ADMIN=allow STAFF:运营=allow STAFF:VISA_DESK=allow STAFF:TICKETING=allow STAFF:ROOM_CONTROL=allow STAFF:FINANCE=allow AGENT=deny CUSTOMER=deny ANON=deny
PATCH  /settlements/:id/status | ADMIN=allow STAFF:运营=allow STAFF:VISA_DESK=allow STAFF:TICKETING=allow STAFF:ROOM_CONTROL=allow STAFF:FINANCE=allow AGENT=deny CUSTOMER=deny ANON=deny
PATCH  /travelers/:id | ADMIN=allow STAFF:运营=allow STAFF:VISA_DESK=allow STAFF:TICKETING=allow STAFF:ROOM_CONTROL=allow STAFF:FINANCE=allow AGENT=allow CUSTOMER=deny ANON=deny
PATCH  /travelers/profiles/:id/notes | ADMIN=allow STAFF:运营=allow STAFF:VISA_DESK=allow STAFF:TICKETING=allow STAFF:ROOM_CONTROL=allow STAFF:FINANCE=allow AGENT=deny CUSTOMER=deny ANON=deny
PATCH  /users/:id/disabled | ADMIN=allow STAFF:运营=deny STAFF:VISA_DESK=deny STAFF:TICKETING=deny STAFF:ROOM_CONTROL=deny STAFF:FINANCE=deny AGENT=deny CUSTOMER=deny ANON=deny
PATCH  /users/:id/staff-role | ADMIN=allow STAFF:运营=deny STAFF:VISA_DESK=deny STAFF:TICKETING=deny STAFF:ROOM_CONTROL=deny STAFF:FINANCE=deny AGENT=deny CUSTOMER=deny ANON=deny
POST   /agent-recharges | ADMIN=allow STAFF:运营=allow STAFF:VISA_DESK=allow STAFF:TICKETING=allow STAFF:ROOM_CONTROL=allow STAFF:FINANCE=allow AGENT=allow CUSTOMER=deny ANON=deny
POST   /agent-recharges/manual-adjust | ADMIN=allow STAFF:运营=allow STAFF:VISA_DESK=allow STAFF:TICKETING=allow STAFF:ROOM_CONTROL=allow STAFF:FINANCE=allow AGENT=deny CUSTOMER=deny ANON=deny
POST   /agents/children | ADMIN=allow STAFF:运营=allow STAFF:VISA_DESK=allow STAFF:TICKETING=allow STAFF:ROOM_CONTROL=allow STAFF:FINANCE=allow AGENT=allow CUSTOMER=deny ANON=deny
POST   /auth/change-password | ADMIN=allow STAFF:运营=allow STAFF:VISA_DESK=allow STAFF:TICKETING=allow STAFF:ROOM_CONTROL=allow STAFF:FINANCE=allow AGENT=allow CUSTOMER=allow ANON=deny
POST   /auth/register | ADMIN=allow STAFF:运营=allow STAFF:VISA_DESK=allow STAFF:TICKETING=allow STAFF:ROOM_CONTROL=allow STAFF:FINANCE=allow AGENT=deny CUSTOMER=deny ANON=deny
POST   /bundle-change-requests/:id/approve | ADMIN=allow STAFF:运营=allow STAFF:VISA_DESK=allow STAFF:TICKETING=allow STAFF:ROOM_CONTROL=allow STAFF:FINANCE=allow AGENT=deny CUSTOMER=deny ANON=deny
POST   /bundle-change-requests/:id/reject | ADMIN=allow STAFF:运营=allow STAFF:VISA_DESK=allow STAFF:TICKETING=allow STAFF:ROOM_CONTROL=allow STAFF:FINANCE=allow AGENT=deny CUSTOMER=deny ANON=deny
POST   /cancellation-policies | ADMIN=allow STAFF:运营=allow STAFF:VISA_DESK=allow STAFF:TICKETING=allow STAFF:ROOM_CONTROL=allow STAFF:FINANCE=allow AGENT=deny CUSTOMER=deny ANON=deny
POST   /finances/cost/periods | ADMIN=allow STAFF:运营=allow STAFF:VISA_DESK=allow STAFF:TICKETING=allow STAFF:ROOM_CONTROL=allow STAFF:FINANCE=allow AGENT=deny CUSTOMER=deny ANON=deny
POST   /finances/schedules/:id/cost-lock | ADMIN=allow STAFF:运营=allow STAFF:VISA_DESK=allow STAFF:TICKETING=allow STAFF:ROOM_CONTROL=allow STAFF:FINANCE=allow AGENT=deny CUSTOMER=deny ANON=deny
POST   /flights | ADMIN=allow STAFF:运营=allow STAFF:VISA_DESK=deny STAFF:TICKETING=allow STAFF:ROOM_CONTROL=deny STAFF:FINANCE=deny AGENT=deny CUSTOMER=deny ANON=deny
POST   /flights/:flightId/toggle | ADMIN=allow STAFF:运营=deny STAFF:VISA_DESK=deny STAFF:TICKETING=deny STAFF:ROOM_CONTROL=deny STAFF:FINANCE=deny AGENT=deny CUSTOMER=deny ANON=deny
POST   /flights/schedules | ADMIN=allow STAFF:运营=allow STAFF:VISA_DESK=deny STAFF:TICKETING=allow STAFF:ROOM_CONTROL=deny STAFF:FINANCE=deny AGENT=deny CUSTOMER=deny ANON=deny
POST   /flights/schedules/batch-delete | ADMIN=allow STAFF:运营=deny STAFF:VISA_DESK=deny STAFF:TICKETING=deny STAFF:ROOM_CONTROL=deny STAFF:FINANCE=deny AGENT=deny CUSTOMER=deny ANON=deny
POST   /flights/schedules/batch-update-capacity | ADMIN=allow STAFF:运营=deny STAFF:VISA_DESK=deny STAFF:TICKETING=deny STAFF:ROOM_CONTROL=deny STAFF:FINANCE=deny AGENT=deny CUSTOMER=deny ANON=deny
POST   /flights/schedules/batch-update-times | ADMIN=allow STAFF:运营=allow STAFF:VISA_DESK=deny STAFF:TICKETING=allow STAFF:ROOM_CONTROL=deny STAFF:FINANCE=deny AGENT=deny CUSTOMER=deny ANON=deny
POST   /fulfillment-tasks/:id/reissue | ADMIN=allow STAFF:运营=allow STAFF:VISA_DESK=allow STAFF:TICKETING=allow STAFF:ROOM_CONTROL=allow STAFF:FINANCE=allow AGENT=deny CUSTOMER=deny ANON=deny
POST   /fulfillment-tasks/batch-notes | ADMIN=allow STAFF:运营=allow STAFF:VISA_DESK=allow STAFF:TICKETING=allow STAFF:ROOM_CONTROL=allow STAFF:FINANCE=allow AGENT=deny CUSTOMER=deny ANON=deny
POST   /fulfillment-tasks/batch-status | ADMIN=allow STAFF:运营=allow STAFF:VISA_DESK=allow STAFF:TICKETING=allow STAFF:ROOM_CONTROL=allow STAFF:FINANCE=allow AGENT=deny CUSTOMER=deny ANON=deny
POST   /fulfillment-tasks/by-order/:orderId/resend-itinerary | ADMIN=allow STAFF:运营=allow STAFF:VISA_DESK=allow STAFF:TICKETING=allow STAFF:ROOM_CONTROL=allow STAFF:FINANCE=allow AGENT=deny CUSTOMER=deny ANON=deny
POST   /fulfillment-tasks/visa-cost/batch | ADMIN=allow STAFF:运营=allow STAFF:VISA_DESK=allow STAFF:TICKETING=allow STAFF:ROOM_CONTROL=allow STAFF:FINANCE=allow AGENT=deny CUSTOMER=deny ANON=deny
POST   /fulfillment-tasks/visa-passengers/batch-status | ADMIN=allow STAFF:运营=allow STAFF:VISA_DESK=allow STAFF:TICKETING=allow STAFF:ROOM_CONTROL=allow STAFF:FINANCE=allow AGENT=deny CUSTOMER=deny ANON=deny
POST   /hold-orders | ADMIN=allow STAFF:运营=allow STAFF:VISA_DESK=allow STAFF:TICKETING=allow STAFF:ROOM_CONTROL=allow STAFF:FINANCE=allow AGENT=deny CUSTOMER=deny ANON=deny
POST   /hold-orders/:id/cancel | ADMIN=allow STAFF:运营=allow STAFF:VISA_DESK=allow STAFF:TICKETING=allow STAFF:ROOM_CONTROL=allow STAFF:FINANCE=allow AGENT=deny CUSTOMER=deny ANON=deny
POST   /hold-orders/:id/convert | ADMIN=allow STAFF:运营=allow STAFF:VISA_DESK=allow STAFF:TICKETING=allow STAFF:ROOM_CONTROL=allow STAFF:FINANCE=allow AGENT=deny CUSTOMER=deny ANON=deny
POST   /hold-orders/:id/convert/preview | ADMIN=allow STAFF:运营=allow STAFF:VISA_DESK=allow STAFF:TICKETING=allow STAFF:ROOM_CONTROL=allow STAFF:FINANCE=allow AGENT=deny CUSTOMER=deny ANON=deny
POST   /hold-orders/:id/installments/:installmentId/allocate | ADMIN=allow STAFF:运营=allow STAFF:VISA_DESK=allow STAFF:TICKETING=allow STAFF:ROOM_CONTROL=allow STAFF:FINANCE=allow AGENT=deny CUSTOMER=deny ANON=deny
POST   /hold-orders/:id/installments/:installmentId/allocations/:allocationId/reverse | ADMIN=allow STAFF:运营=allow STAFF:VISA_DESK=allow STAFF:TICKETING=allow STAFF:ROOM_CONTROL=allow STAFF:FINANCE=allow AGENT=deny CUSTOMER=deny ANON=deny
POST   /hold-orders/:id/installments/:installmentId/manual-receipt | ADMIN=allow STAFF:运营=allow STAFF:VISA_DESK=allow STAFF:TICKETING=allow STAFF:ROOM_CONTROL=allow STAFF:FINANCE=allow AGENT=deny CUSTOMER=deny ANON=deny
POST   /hold-orders/:id/reduce-seats | ADMIN=allow STAFF:运营=allow STAFF:VISA_DESK=allow STAFF:TICKETING=allow STAFF:ROOM_CONTROL=allow STAFF:FINANCE=allow AGENT=deny CUSTOMER=deny ANON=deny
POST   /hold-orders/:id/reduce-seats/preview | ADMIN=allow STAFF:运营=allow STAFF:VISA_DESK=allow STAFF:TICKETING=allow STAFF:ROOM_CONTROL=allow STAFF:FINANCE=allow AGENT=deny CUSTOMER=deny ANON=deny
POST   /hold-orders/:id/release | ADMIN=allow STAFF:运营=allow STAFF:VISA_DESK=allow STAFF:TICKETING=allow STAFF:ROOM_CONTROL=allow STAFF:FINANCE=allow AGENT=deny CUSTOMER=deny ANON=deny
POST   /hold-orders/:id/retry-occupy | ADMIN=allow STAFF:运营=allow STAFF:VISA_DESK=allow STAFF:TICKETING=allow STAFF:ROOM_CONTROL=allow STAFF:FINANCE=allow AGENT=deny CUSTOMER=deny ANON=deny
POST   /hold-orders/group | ADMIN=allow STAFF:运营=allow STAFF:VISA_DESK=allow STAFF:TICKETING=allow STAFF:ROOM_CONTROL=allow STAFF:FINANCE=allow AGENT=deny CUSTOMER=deny ANON=deny
POST   /hold-orders/preview-plan | ADMIN=allow STAFF:运营=allow STAFF:VISA_DESK=allow STAFF:TICKETING=allow STAFF:ROOM_CONTROL=allow STAFF:FINANCE=allow AGENT=deny CUSTOMER=deny ANON=deny
POST   /hotel-control/block-periods | ADMIN=allow STAFF:运营=allow STAFF:VISA_DESK=allow STAFF:TICKETING=allow STAFF:ROOM_CONTROL=allow STAFF:FINANCE=allow AGENT=deny CUSTOMER=deny ANON=deny
POST   /hotel-control/passports-by-names.zip | ADMIN=allow STAFF:运营=allow STAFF:VISA_DESK=allow STAFF:TICKETING=allow STAFF:ROOM_CONTROL=allow STAFF:FINANCE=allow AGENT=deny CUSTOMER=deny ANON=deny
POST   /marketing/posters/flight-route | ADMIN=allow STAFF:运营=allow STAFF:VISA_DESK=allow STAFF:TICKETING=allow STAFF:ROOM_CONTROL=allow STAFF:FINANCE=allow AGENT=deny CUSTOMER=deny ANON=deny
POST   /ocr/passport | ADMIN=allow STAFF:运营=allow STAFF:VISA_DESK=allow STAFF:TICKETING=allow STAFF:ROOM_CONTROL=allow STAFF:FINANCE=allow AGENT=allow CUSTOMER=deny ANON=deny
POST   /order-change-requests/:id/approve | ADMIN=allow STAFF:运营=allow STAFF:VISA_DESK=allow STAFF:TICKETING=allow STAFF:ROOM_CONTROL=allow STAFF:FINANCE=allow AGENT=deny CUSTOMER=deny ANON=deny
POST   /order-change-requests/:id/reject | ADMIN=allow STAFF:运营=allow STAFF:VISA_DESK=allow STAFF:TICKETING=allow STAFF:ROOM_CONTROL=allow STAFF:FINANCE=allow AGENT=deny CUSTOMER=deny ANON=deny
POST   /order-change-requests/batch | ADMIN=allow STAFF:运营=allow STAFF:VISA_DESK=allow STAFF:TICKETING=allow STAFF:ROOM_CONTROL=allow STAFF:FINANCE=allow AGENT=allow CUSTOMER=deny ANON=deny
POST   /order-change-requests/batch-approve | ADMIN=allow STAFF:运营=allow STAFF:VISA_DESK=allow STAFF:TICKETING=allow STAFF:ROOM_CONTROL=allow STAFF:FINANCE=allow AGENT=deny CUSTOMER=deny ANON=deny
POST   /orders | ADMIN=allow STAFF:运营=allow STAFF:VISA_DESK=allow STAFF:TICKETING=allow STAFF:ROOM_CONTROL=allow STAFF:FINANCE=allow AGENT=allow CUSTOMER=allow ANON=allow
POST   /orders/:id/apply-agent-balance | ADMIN=allow STAFF:运营=allow STAFF:VISA_DESK=allow STAFF:TICKETING=allow STAFF:ROOM_CONTROL=allow STAFF:FINANCE=allow AGENT=allow CUSTOMER=allow ANON=deny
POST   /orders/:id/bundle-change-requests | ADMIN=allow STAFF:运营=allow STAFF:VISA_DESK=allow STAFF:TICKETING=allow STAFF:ROOM_CONTROL=allow STAFF:FINANCE=allow AGENT=allow CUSTOMER=deny ANON=deny
POST   /orders/:id/cancel | ADMIN=allow STAFF:运营=allow STAFF:VISA_DESK=allow STAFF:TICKETING=allow STAFF:ROOM_CONTROL=allow STAFF:FINANCE=allow AGENT=allow CUSTOMER=allow ANON=deny
POST   /orders/:id/cancel-leg | ADMIN=allow STAFF:运营=allow STAFF:VISA_DESK=allow STAFF:TICKETING=allow STAFF:ROOM_CONTROL=allow STAFF:FINANCE=allow AGENT=allow CUSTOMER=allow ANON=deny
POST   /orders/:id/cancel-leg/preview | ADMIN=allow STAFF:运营=allow STAFF:VISA_DESK=allow STAFF:TICKETING=allow STAFF:ROOM_CONTROL=allow STAFF:FINANCE=allow AGENT=allow CUSTOMER=allow ANON=deny
POST   /orders/:id/cancel-return-leg | ADMIN=allow STAFF:运营=allow STAFF:VISA_DESK=allow STAFF:TICKETING=allow STAFF:ROOM_CONTROL=allow STAFF:FINANCE=allow AGENT=allow CUSTOMER=allow ANON=deny
POST   /orders/:id/cancel-return-leg/preview | ADMIN=allow STAFF:运营=allow STAFF:VISA_DESK=allow STAFF:TICKETING=allow STAFF:ROOM_CONTROL=allow STAFF:FINANCE=allow AGENT=allow CUSTOMER=allow ANON=deny
POST   /orders/:id/change-bundle | ADMIN=allow STAFF:运营=allow STAFF:VISA_DESK=allow STAFF:TICKETING=allow STAFF:ROOM_CONTROL=allow STAFF:FINANCE=allow AGENT=deny CUSTOMER=deny ANON=deny
POST   /orders/:id/change-request | ADMIN=allow STAFF:运营=allow STAFF:VISA_DESK=allow STAFF:TICKETING=allow STAFF:ROOM_CONTROL=allow STAFF:FINANCE=allow AGENT=allow CUSTOMER=allow ANON=deny
POST   /orders/:id/change-requests | ADMIN=allow STAFF:运营=allow STAFF:VISA_DESK=allow STAFF:TICKETING=allow STAFF:ROOM_CONTROL=allow STAFF:FINANCE=allow AGENT=allow CUSTOMER=deny ANON=deny
POST   /orders/:id/claim | ADMIN=allow STAFF:运营=allow STAFF:VISA_DESK=allow STAFF:TICKETING=allow STAFF:ROOM_CONTROL=allow STAFF:FINANCE=allow AGENT=allow CUSTOMER=allow ANON=deny
POST   /orders/:id/correct-flight | ADMIN=allow STAFF:运营=allow STAFF:VISA_DESK=allow STAFF:TICKETING=allow STAFF:ROOM_CONTROL=allow STAFF:FINANCE=allow AGENT=allow CUSTOMER=allow ANON=deny
POST   /orders/:id/credit-overpay-to-agent | ADMIN=allow STAFF:运营=allow STAFF:VISA_DESK=allow STAFF:TICKETING=allow STAFF:ROOM_CONTROL=allow STAFF:FINANCE=allow AGENT=allow CUSTOMER=allow ANON=deny
POST   /orders/:id/expected-amount/lock | ADMIN=allow STAFF:运营=allow STAFF:VISA_DESK=allow STAFF:TICKETING=allow STAFF:ROOM_CONTROL=allow STAFF:FINANCE=allow AGENT=allow CUSTOMER=allow ANON=deny
POST   /orders/:id/items/:itemId/split-room-group | ADMIN=allow STAFF:运营=allow STAFF:VISA_DESK=allow STAFF:TICKETING=allow STAFF:ROOM_CONTROL=allow STAFF:FINANCE=allow AGENT=deny CUSTOMER=deny ANON=deny
POST   /orders/:id/items/:itemId/upgrade-cabin | ADMIN=allow STAFF:运营=allow STAFF:VISA_DESK=allow STAFF:TICKETING=allow STAFF:ROOM_CONTROL=allow STAFF:FINANCE=allow AGENT=allow CUSTOMER=allow ANON=deny
POST   /orders/:id/items/ground | ADMIN=allow STAFF:运营=allow STAFF:VISA_DESK=allow STAFF:TICKETING=allow STAFF:ROOM_CONTROL=allow STAFF:FINANCE=allow AGENT=allow CUSTOMER=allow ANON=deny
POST   /orders/:id/no-show | ADMIN=allow STAFF:运营=allow STAFF:VISA_DESK=allow STAFF:TICKETING=allow STAFF:ROOM_CONTROL=allow STAFF:FINANCE=allow AGENT=allow CUSTOMER=allow ANON=deny
POST   /orders/:id/no-show/preview | ADMIN=allow STAFF:运营=allow STAFF:VISA_DESK=allow STAFF:TICKETING=allow STAFF:ROOM_CONTROL=allow STAFF:FINANCE=allow AGENT=allow CUSTOMER=allow ANON=deny
POST   /orders/:id/overpay-to-pool | ADMIN=allow STAFF:运营=allow STAFF:VISA_DESK=allow STAFF:TICKETING=allow STAFF:ROOM_CONTROL=allow STAFF:FINANCE=allow AGENT=allow CUSTOMER=allow ANON=deny
POST   /orders/:id/payments-lock | ADMIN=allow STAFF:运营=allow STAFF:VISA_DESK=allow STAFF:TICKETING=allow STAFF:ROOM_CONTROL=allow STAFF:FINANCE=allow AGENT=allow CUSTOMER=allow ANON=deny
POST   /orders/:id/price-adjustment | ADMIN=allow STAFF:运营=allow STAFF:VISA_DESK=allow STAFF:TICKETING=allow STAFF:ROOM_CONTROL=allow STAFF:FINANCE=allow AGENT=allow CUSTOMER=allow ANON=deny
POST   /orders/:id/refunds/:refundId/mark-paid | ADMIN=allow STAFF:运营=deny STAFF:VISA_DESK=deny STAFF:TICKETING=deny STAFF:ROOM_CONTROL=deny STAFF:FINANCE=allow AGENT=deny CUSTOMER=deny ANON=deny
POST   /orders/:id/reschedule-passengers | ADMIN=allow STAFF:运营=allow STAFF:VISA_DESK=allow STAFF:TICKETING=allow STAFF:ROOM_CONTROL=allow STAFF:FINANCE=allow AGENT=allow CUSTOMER=allow ANON=deny
POST   /orders/:id/restore | ADMIN=allow STAFF:运营=allow STAFF:VISA_DESK=allow STAFF:TICKETING=allow STAFF:ROOM_CONTROL=allow STAFF:FINANCE=allow AGENT=deny CUSTOMER=deny ANON=deny
POST   /orders/:id/restore-return-leg | ADMIN=allow STAFF:运营=allow STAFF:VISA_DESK=allow STAFF:TICKETING=allow STAFF:ROOM_CONTROL=allow STAFF:FINANCE=allow AGENT=allow CUSTOMER=allow ANON=deny
POST   /orders/:id/restore-return-leg/preview | ADMIN=allow STAFF:运营=allow STAFF:VISA_DESK=allow STAFF:TICKETING=allow STAFF:ROOM_CONTROL=allow STAFF:FINANCE=allow AGENT=allow CUSTOMER=allow ANON=deny
POST   /orders/:id/review | ADMIN=allow STAFF:运营=allow STAFF:VISA_DESK=allow STAFF:TICKETING=allow STAFF:ROOM_CONTROL=allow STAFF:FINANCE=allow AGENT=allow CUSTOMER=allow ANON=allow
POST   /orders/:id/room-supplement | ADMIN=allow STAFF:运营=allow STAFF:VISA_DESK=allow STAFF:TICKETING=allow STAFF:ROOM_CONTROL=allow STAFF:FINANCE=allow AGENT=allow CUSTOMER=allow ANON=deny
POST   /orders/:id/settlement-requests | ADMIN=allow STAFF:运营=allow STAFF:VISA_DESK=allow STAFF:TICKETING=allow STAFF:ROOM_CONTROL=allow STAFF:FINANCE=allow AGENT=allow CUSTOMER=deny ANON=deny
POST   /orders/:id/split | ADMIN=allow STAFF:运营=allow STAFF:VISA_DESK=allow STAFF:TICKETING=allow STAFF:ROOM_CONTROL=allow STAFF:FINANCE=allow AGENT=allow CUSTOMER=allow ANON=deny
POST   /orders/:id/split-preview | ADMIN=allow STAFF:运营=allow STAFF:VISA_DESK=allow STAFF:TICKETING=allow STAFF:ROOM_CONTROL=allow STAFF:FINANCE=allow AGENT=allow CUSTOMER=allow ANON=deny
POST   /orders/:id/swap-refund | ADMIN=allow STAFF:运营=allow STAFF:VISA_DESK=allow STAFF:TICKETING=allow STAFF:ROOM_CONTROL=allow STAFF:FINANCE=allow AGENT=allow CUSTOMER=allow ANON=deny
POST   /orders/:id/void-return-leg | ADMIN=allow STAFF:运营=allow STAFF:VISA_DESK=allow STAFF:TICKETING=allow STAFF:ROOM_CONTROL=allow STAFF:FINANCE=allow AGENT=allow CUSTOMER=allow ANON=deny
POST   /orders/:id/void-return-leg/preview | ADMIN=allow STAFF:运营=allow STAFF:VISA_DESK=allow STAFF:TICKETING=allow STAFF:ROOM_CONTROL=allow STAFF:FINANCE=allow AGENT=allow CUSTOMER=allow ANON=deny
POST   /orders/:orderId/cost-items | ADMIN=allow STAFF:运营=allow STAFF:VISA_DESK=allow STAFF:TICKETING=allow STAFF:ROOM_CONTROL=allow STAFF:FINANCE=allow AGENT=deny CUSTOMER=deny ANON=deny
POST   /orders/batch | ADMIN=allow STAFF:运营=allow STAFF:VISA_DESK=allow STAFF:TICKETING=allow STAFF:ROOM_CONTROL=allow STAFF:FINANCE=allow AGENT=allow CUSTOMER=allow ANON=deny
POST   /orders/batch-import/parse | ADMIN=allow STAFF:运营=allow STAFF:VISA_DESK=allow STAFF:TICKETING=allow STAFF:ROOM_CONTROL=allow STAFF:FINANCE=allow AGENT=allow CUSTOMER=deny ANON=deny
POST   /orders/batch-invoice-flags | ADMIN=allow STAFF:运营=allow STAFF:VISA_DESK=allow STAFF:TICKETING=allow STAFF:ROOM_CONTROL=allow STAFF:FINANCE=allow AGENT=allow CUSTOMER=allow ANON=deny
POST   /orders/batch-reschedule | ADMIN=allow STAFF:运营=allow STAFF:VISA_DESK=allow STAFF:TICKETING=allow STAFF:ROOM_CONTROL=allow STAFF:FINANCE=allow AGENT=allow CUSTOMER=allow ANON=deny
POST   /orders/batch-status | ADMIN=allow STAFF:运营=allow STAFF:VISA_DESK=allow STAFF:TICKETING=allow STAFF:ROOM_CONTROL=allow STAFF:FINANCE=allow AGENT=allow CUSTOMER=allow ANON=deny
POST   /orders/batch/payments-lock | ADMIN=allow STAFF:运营=allow STAFF:VISA_DESK=allow STAFF:TICKETING=allow STAFF:ROOM_CONTROL=allow STAFF:FINANCE=allow AGENT=deny CUSTOMER=deny ANON=deny
POST   /orders/batch/price-adjustment | ADMIN=allow STAFF:运营=allow STAFF:VISA_DESK=allow STAFF:TICKETING=allow STAFF:ROOM_CONTROL=allow STAFF:FINANCE=allow AGENT=deny CUSTOMER=deny ANON=deny
POST   /orders/batch/settlement-lock | ADMIN=allow STAFF:运营=allow STAFF:VISA_DESK=allow STAFF:TICKETING=allow STAFF:ROOM_CONTROL=allow STAFF:FINANCE=allow AGENT=deny CUSTOMER=deny ANON=deny
POST   /orders/no-show/batch | ADMIN=allow STAFF:运营=allow STAFF:VISA_DESK=allow STAFF:TICKETING=allow STAFF:ROOM_CONTROL=allow STAFF:FINANCE=allow AGENT=allow CUSTOMER=allow ANON=deny
POST   /orders/no-show/batch-preview | ADMIN=allow STAFF:运营=allow STAFF:VISA_DESK=allow STAFF:TICKETING=allow STAFF:ROOM_CONTROL=allow STAFF:FINANCE=allow AGENT=allow CUSTOMER=allow ANON=deny
POST   /orders/quote | ADMIN=allow STAFF:运营=allow STAFF:VISA_DESK=allow STAFF:TICKETING=allow STAFF:ROOM_CONTROL=allow STAFF:FINANCE=allow AGENT=allow CUSTOMER=deny ANON=deny
POST   /orders/roster/parse | ADMIN=allow STAFF:运营=allow STAFF:VISA_DESK=allow STAFF:TICKETING=allow STAFF:ROOM_CONTROL=allow STAFF:FINANCE=allow AGENT=deny CUSTOMER=deny ANON=deny
POST   /orders/tickets/batch | ADMIN=allow STAFF:运营=allow STAFF:VISA_DESK=allow STAFF:TICKETING=allow STAFF:ROOM_CONTROL=allow STAFF:FINANCE=allow AGENT=allow CUSTOMER=allow ANON=deny
POST   /orders/tickets/batch-preview | ADMIN=allow STAFF:运营=allow STAFF:VISA_DESK=allow STAFF:TICKETING=allow STAFF:ROOM_CONTROL=allow STAFF:FINANCE=allow AGENT=allow CUSTOMER=allow ANON=deny
POST   /orders/visa-passports.zip | ADMIN=allow STAFF:运营=allow STAFF:VISA_DESK=allow STAFF:TICKETING=allow STAFF:ROOM_CONTROL=allow STAFF:FINANCE=allow AGENT=deny CUSTOMER=deny ANON=deny
POST   /orders/visa-roster.xlsx | ADMIN=allow STAFF:运营=allow STAFF:VISA_DESK=allow STAFF:TICKETING=allow STAFF:ROOM_CONTROL=allow STAFF:FINANCE=allow AGENT=deny CUSTOMER=deny ANON=deny
POST   /payment-channels | ADMIN=allow STAFF:运营=allow STAFF:VISA_DESK=allow STAFF:TICKETING=allow STAFF:ROOM_CONTROL=allow STAFF:FINANCE=allow AGENT=deny CUSTOMER=deny ANON=deny
POST   /payments | ADMIN=allow STAFF:运营=allow STAFF:VISA_DESK=allow STAFF:TICKETING=allow STAFF:ROOM_CONTROL=allow STAFF:FINANCE=allow AGENT=allow CUSTOMER=allow ANON=deny
POST   /payments/:paymentId/reverse | ADMIN=allow STAFF:运营=allow STAFF:VISA_DESK=allow STAFF:TICKETING=allow STAFF:ROOM_CONTROL=allow STAFF:FINANCE=allow AGENT=allow CUSTOMER=allow ANON=deny
POST   /payments/:paymentId/transfer | ADMIN=allow STAFF:运营=allow STAFF:VISA_DESK=allow STAFF:TICKETING=allow STAFF:ROOM_CONTROL=allow STAFF:FINANCE=allow AGENT=allow CUSTOMER=allow ANON=deny
POST   /payments/:paymentId/verify | ADMIN=allow STAFF:运营=allow STAFF:VISA_DESK=allow STAFF:TICKETING=allow STAFF:ROOM_CONTROL=allow STAFF:FINANCE=allow AGENT=allow CUSTOMER=allow ANON=deny
POST   /payments/batch-confirm | ADMIN=allow STAFF:运营=allow STAFF:VISA_DESK=allow STAFF:TICKETING=allow STAFF:ROOM_CONTROL=allow STAFF:FINANCE=allow AGENT=allow CUSTOMER=allow ANON=deny
POST   /payments/manual-confirm | ADMIN=allow STAFF:运营=allow STAFF:VISA_DESK=allow STAFF:TICKETING=allow STAFF:ROOM_CONTROL=allow STAFF:FINANCE=allow AGENT=allow CUSTOMER=allow ANON=deny
POST   /payments/sandbox-confirm | ADMIN=allow STAFF:运营=deny STAFF:VISA_DESK=deny STAFF:TICKETING=deny STAFF:ROOM_CONTROL=deny STAFF:FINANCE=deny AGENT=deny CUSTOMER=deny ANON=deny
POST   /payments/wechat/miniapp-prepay | ADMIN=allow STAFF:运营=allow STAFF:VISA_DESK=allow STAFF:TICKETING=allow STAFF:ROOM_CONTROL=allow STAFF:FINANCE=allow AGENT=allow CUSTOMER=allow ANON=deny
POST   /products/bundles | ADMIN=allow STAFF:运营=allow STAFF:VISA_DESK=allow STAFF:TICKETING=allow STAFF:ROOM_CONTROL=allow STAFF:FINANCE=allow AGENT=deny CUSTOMER=deny ANON=deny
POST   /products/hotels | ADMIN=allow STAFF:运营=allow STAFF:VISA_DESK=allow STAFF:TICKETING=allow STAFF:ROOM_CONTROL=allow STAFF:FINANCE=allow AGENT=deny CUSTOMER=deny ANON=deny
POST   /products/transfers | ADMIN=allow STAFF:运营=allow STAFF:VISA_DESK=allow STAFF:TICKETING=allow STAFF:ROOM_CONTROL=allow STAFF:FINANCE=allow AGENT=deny CUSTOMER=deny ANON=deny
POST   /products/visas | ADMIN=allow STAFF:运营=allow STAFF:VISA_DESK=allow STAFF:TICKETING=allow STAFF:ROOM_CONTROL=allow STAFF:FINANCE=allow AGENT=deny CUSTOMER=deny ANON=deny
POST   /receipts | ADMIN=allow STAFF:运营=allow STAFF:VISA_DESK=allow STAFF:TICKETING=allow STAFF:ROOM_CONTROL=allow STAFF:FINANCE=allow AGENT=deny CUSTOMER=deny ANON=deny
POST   /receipts/:id/allocate | ADMIN=allow STAFF:运营=allow STAFF:VISA_DESK=allow STAFF:TICKETING=allow STAFF:ROOM_CONTROL=allow STAFF:FINANCE=allow AGENT=deny CUSTOMER=deny ANON=deny
POST   /receipts/:id/allocations/:allocationId/reverse | ADMIN=allow STAFF:运营=allow STAFF:VISA_DESK=allow STAFF:TICKETING=allow STAFF:ROOM_CONTROL=allow STAFF:FINANCE=allow AGENT=deny CUSTOMER=deny ANON=deny
POST   /receipts/:id/refund | ADMIN=allow STAFF:运营=allow STAFF:VISA_DESK=allow STAFF:TICKETING=allow STAFF:ROOM_CONTROL=allow STAFF:FINANCE=allow AGENT=deny CUSTOMER=deny ANON=deny
POST   /receipts/:id/verify-claim | ADMIN=allow STAFF:运营=allow STAFF:VISA_DESK=allow STAFF:TICKETING=allow STAFF:ROOM_CONTROL=allow STAFF:FINANCE=allow AGENT=deny CUSTOMER=deny ANON=deny
POST   /receipts/allocate-batch | ADMIN=allow STAFF:运营=allow STAFF:VISA_DESK=allow STAFF:TICKETING=allow STAFF:ROOM_CONTROL=allow STAFF:FINANCE=allow AGENT=deny CUSTOMER=deny ANON=deny
POST   /receipts/match/suggest | ADMIN=allow STAFF:运营=allow STAFF:VISA_DESK=allow STAFF:TICKETING=allow STAFF:ROOM_CONTROL=allow STAFF:FINANCE=allow AGENT=deny CUSTOMER=deny ANON=deny
POST   /receipts/statement/import | ADMIN=allow STAFF:运营=allow STAFF:VISA_DESK=allow STAFF:TICKETING=allow STAFF:ROOM_CONTROL=allow STAFF:FINANCE=allow AGENT=deny CUSTOMER=deny ANON=deny
POST   /receipts/statement/parse | ADMIN=allow STAFF:运营=allow STAFF:VISA_DESK=allow STAFF:TICKETING=allow STAFF:ROOM_CONTROL=allow STAFF:FINANCE=allow AGENT=deny CUSTOMER=deny ANON=deny
POST   /reminders | ADMIN=allow STAFF:运营=allow STAFF:VISA_DESK=allow STAFF:TICKETING=allow STAFF:ROOM_CONTROL=allow STAFF:FINANCE=allow AGENT=deny CUSTOMER=deny ANON=deny
POST   /reminders/:id/claim | ADMIN=allow STAFF:运营=allow STAFF:VISA_DESK=allow STAFF:TICKETING=allow STAFF:ROOM_CONTROL=allow STAFF:FINANCE=allow AGENT=deny CUSTOMER=deny ANON=deny
POST   /reminders/:id/release | ADMIN=allow STAFF:运营=allow STAFF:VISA_DESK=allow STAFF:TICKETING=allow STAFF:ROOM_CONTROL=allow STAFF:FINANCE=allow AGENT=deny CUSTOMER=deny ANON=deny
POST   /reminders/:id/resolve | ADMIN=allow STAFF:运营=allow STAFF:VISA_DESK=allow STAFF:TICKETING=allow STAFF:ROOM_CONTROL=allow STAFF:FINANCE=allow AGENT=deny CUSTOMER=deny ANON=deny
POST   /reminders/generate | ADMIN=allow STAFF:运营=allow STAFF:VISA_DESK=allow STAFF:TICKETING=allow STAFF:ROOM_CONTROL=allow STAFF:FINANCE=allow AGENT=deny CUSTOMER=deny ANON=deny
POST   /seat-allocations | ADMIN=allow STAFF:运营=allow STAFF:VISA_DESK=allow STAFF:TICKETING=allow STAFF:ROOM_CONTROL=allow STAFF:FINANCE=allow AGENT=deny CUSTOMER=deny ANON=deny
POST   /seat-allocations/:id/reclaim | ADMIN=allow STAFF:运营=allow STAFF:VISA_DESK=allow STAFF:TICKETING=allow STAFF:ROOM_CONTROL=allow STAFF:FINANCE=allow AGENT=deny CUSTOMER=deny ANON=deny
POST   /seat-locks | ADMIN=allow STAFF:运营=allow STAFF:VISA_DESK=allow STAFF:TICKETING=allow STAFF:ROOM_CONTROL=allow STAFF:FINANCE=allow AGENT=allow CUSTOMER=allow ANON=deny
POST   /settings/ai-ocr/test | ADMIN=allow STAFF:运营=deny STAFF:VISA_DESK=deny STAFF:TICKETING=deny STAFF:ROOM_CONTROL=deny STAFF:FINANCE=deny AGENT=deny CUSTOMER=deny ANON=deny
POST   /settlement-requests/:id/approve | ADMIN=allow STAFF:运营=allow STAFF:VISA_DESK=allow STAFF:TICKETING=allow STAFF:ROOM_CONTROL=allow STAFF:FINANCE=allow AGENT=deny CUSTOMER=deny ANON=deny
POST   /settlement-requests/:id/reject | ADMIN=allow STAFF:运营=allow STAFF:VISA_DESK=allow STAFF:TICKETING=allow STAFF:ROOM_CONTROL=allow STAFF:FINANCE=allow AGENT=deny CUSTOMER=deny ANON=deny
POST   /settlements/generate | ADMIN=allow STAFF:运营=allow STAFF:VISA_DESK=allow STAFF:TICKETING=allow STAFF:ROOM_CONTROL=allow STAFF:FINANCE=allow AGENT=deny CUSTOMER=deny ANON=deny
POST   /travelers | ADMIN=allow STAFF:运营=allow STAFF:VISA_DESK=allow STAFF:TICKETING=allow STAFF:ROOM_CONTROL=allow STAFF:FINANCE=allow AGENT=allow CUSTOMER=deny ANON=deny
POST   /travelers/profiles/:id/merge | ADMIN=allow STAFF:运营=allow STAFF:VISA_DESK=allow STAFF:TICKETING=allow STAFF:ROOM_CONTROL=allow STAFF:FINANCE=allow AGENT=deny CUSTOMER=deny ANON=deny
POST   /travelers/profiles/:id/redemptions | ADMIN=allow STAFF:运营=allow STAFF:VISA_DESK=allow STAFF:TICKETING=allow STAFF:ROOM_CONTROL=allow STAFF:FINANCE=allow AGENT=deny CUSTOMER=deny ANON=deny
POST   /travelers/profiles/:id/redemptions/:rid/reverse | ADMIN=allow STAFF:运营=allow STAFF:VISA_DESK=allow STAFF:TICKETING=allow STAFF:ROOM_CONTROL=allow STAFF:FINANCE=allow AGENT=deny CUSTOMER=deny ANON=deny
POST   /travelers/profiles/lookup | ADMIN=allow STAFF:运营=allow STAFF:VISA_DESK=allow STAFF:TICKETING=allow STAFF:ROOM_CONTROL=allow STAFF:FINANCE=allow AGENT=deny CUSTOMER=deny ANON=deny
POST   /travelers/profiles/rebuild | ADMIN=allow STAFF:运营=allow STAFF:VISA_DESK=allow STAFF:TICKETING=allow STAFF:ROOM_CONTROL=allow STAFF:FINANCE=allow AGENT=deny CUSTOMER=deny ANON=deny
POST   /users/:id/reset-password | ADMIN=allow STAFF:运营=allow STAFF:VISA_DESK=allow STAFF:TICKETING=allow STAFF:ROOM_CONTROL=allow STAFF:FINANCE=allow AGENT=deny CUSTOMER=deny ANON=deny
POST   /users/staff | ADMIN=allow STAFF:运营=deny STAFF:VISA_DESK=deny STAFF:TICKETING=deny STAFF:ROOM_CONTROL=deny STAFF:FINANCE=deny AGENT=deny CUSTOMER=deny ANON=deny
POST   /waitlist | ADMIN=allow STAFF:运营=allow STAFF:VISA_DESK=allow STAFF:TICKETING=allow STAFF:ROOM_CONTROL=allow STAFF:FINANCE=allow AGENT=allow CUSTOMER=allow ANON=deny
PUT    /agents/:id/commission-rules | ADMIN=allow STAFF:运营=allow STAFF:VISA_DESK=allow STAFF:TICKETING=allow STAFF:ROOM_CONTROL=allow STAFF:FINANCE=allow AGENT=deny CUSTOMER=deny ANON=deny
PUT    /finances/usd-fx-rates | ADMIN=allow STAFF:运营=allow STAFF:VISA_DESK=allow STAFF:TICKETING=allow STAFF:ROOM_CONTROL=allow STAFF:FINANCE=allow AGENT=deny CUSTOMER=deny ANON=deny
PUT    /flight-settlement-rates/batch | ADMIN=allow STAFF:运营=allow STAFF:VISA_DESK=allow STAFF:TICKETING=allow STAFF:ROOM_CONTROL=allow STAFF:FINANCE=allow AGENT=deny CUSTOMER=deny ANON=deny
PUT    /flights/:flightId/baggage-policies | ADMIN=allow STAFF:运营=allow STAFF:VISA_DESK=allow STAFF:TICKETING=allow STAFF:ROOM_CONTROL=allow STAFF:FINANCE=allow AGENT=deny CUSTOMER=deny ANON=deny
PUT    /hold-orders/config | ADMIN=allow STAFF:运营=deny STAFF:VISA_DESK=deny STAFF:TICKETING=deny STAFF:ROOM_CONTROL=deny STAFF:FINANCE=deny AGENT=deny CUSTOMER=deny ANON=deny
PUT    /hotel-control/oversell-cap | ADMIN=allow STAFF:运营=allow STAFF:VISA_DESK=allow STAFF:TICKETING=allow STAFF:ROOM_CONTROL=allow STAFF:FINANCE=allow AGENT=deny CUSTOMER=deny ANON=deny
PUT    /orders/:id/room-assignment | ADMIN=allow STAFF:运营=allow STAFF:VISA_DESK=allow STAFF:TICKETING=allow STAFF:ROOM_CONTROL=allow STAFF:FINANCE=allow AGENT=allow CUSTOMER=allow ANON=deny
PUT    /orders/swap-fee-options | ADMIN=allow STAFF:运营=allow STAFF:VISA_DESK=allow STAFF:TICKETING=allow STAFF:ROOM_CONTROL=allow STAFF:FINANCE=allow AGENT=allow CUSTOMER=allow ANON=deny
PUT    /settings/ai-ocr | ADMIN=allow STAFF:运营=deny STAFF:VISA_DESK=deny STAFF:TICKETING=deny STAFF:ROOM_CONTROL=deny STAFF:FINANCE=deny AGENT=deny CUSTOMER=deny ANON=deny
PUT    /settings/feature-flags/:key | ADMIN=allow STAFF:运营=deny STAFF:VISA_DESK=deny STAFF:TICKETING=deny STAFF:ROOM_CONTROL=deny STAFF:FINANCE=deny AGENT=deny CUSTOMER=deny ANON=deny
PUT    /settlement-discounts/batch | ADMIN=allow STAFF:运营=allow STAFF:VISA_DESK=allow STAFF:TICKETING=allow STAFF:ROOM_CONTROL=allow STAFF:FINANCE=allow AGENT=deny CUSTOMER=deny ANON=deny
PUT    /settlement-rates/batch | ADMIN=allow STAFF:运营=allow STAFF:VISA_DESK=allow STAFF:TICKETING=allow STAFF:ROOM_CONTROL=allow STAFF:FINANCE=allow AGENT=deny CUSTOMER=deny ANON=deny"
`;
